

================================================================
== Vivado HLS Report for 'update_outdata'
================================================================
* Date:           Sun Aug 22 22:27:34 2021

* Version:        2018.2 (Build 2258646 on Thu Jun 14 20:25:20 MDT 2018)
* Project:        iaf-zcu102-721-16bing-pingpang
* Solution:       solution1
* Product family: zynquplus
* Target device:  xczu9eg-ffvb1156-2-i


================================================================
== Performance Estimates
================================================================
+ Timing (ns): 
    * Summary: 
    +--------+-------+----------+------------+
    |  Clock | Target| Estimated| Uncertainty|
    +--------+-------+----------+------------+
    |ap_clk  |  10.00|     8.750|        1.25|
    +--------+-------+----------+------------+

+ Latency (clock cycles): 
    * Summary: 
    +-----+-----+-----+-----+----------+
    |  Latency  |  Interval | Pipeline |
    | min | max | min | max |   Type   |
    +-----+-----+-----+-----+----------+
    |    7|    7|    1|    1| function |
    +-----+-----+-----+-----+----------+

    + Detail: 
        * Instance: 
        N/A

        * Loop: 
        N/A

============================================================
+ Verbose Summary: Synthesis Manager
============================================================
InlineROM: 1
ExposeGlobal: 0
============================================================
+ Verbose Summary: CDFG Model
============================================================
IsTopModel: 0
ResetActiveHigh: 1
IsCombinational: 0
IsDatapathOnly: 0
HasWiredReturn: 1
HasMFsm: 2
HasVarLatency: 0
IsPipeline: 1
IsRtlPipelined: 1
IsInstanceOverlapped: 0
IsDontTouch: 0
HasImplIP: 0
IsGatedGlobalClock: 0

+ Individual pipeline summary: 
  * Pipeline-0: initiation interval (II) = 1, depth = 8


============================================================
+ Verbose Summary: Schedule
============================================================
* Number of FSM states : 8
* Pipeline : 1
  Pipeline-0 : II = 1, D = 8, States = { 1 2 3 4 5 6 7 8 }
* Dataflow Pipeline: 0

* FSM state transitions: 
1 --> 
	2  / true
2 --> 
	3  / true
3 --> 
	4  / true
4 --> 
	5  / true
5 --> 
	6  / true
6 --> 
	7  / true
7 --> 
	8  / true
8 --> 

* FSM state operations: 

State 1 <SV = 0> <Delay = 0.94>
ST_1 : Operation 9 [1/1] (0.00ns)   --->   "%input01_V_offset_rea = call i25 @_ssdm_op_Read.ap_auto.i25(i25 %input01_V_offset)"   --->   Operation 9 'read' 'input01_V_offset_rea' <Predicate = true> <Delay = 0.00>
ST_1 : Operation 10 [1/1] (0.00ns)   --->   "%r_ref_r_read_1 = call i256 @_ssdm_op_Read.ap_auto.i256(i256 %r_ref_r_read)"   --->   Operation 10 'read' 'r_ref_r_read_1' <Predicate = true> <Delay = 0.00>
ST_1 : Operation 11 [1/1] (0.00ns)   --->   "%i_syn_in_rr_read_1 = call i256 @_ssdm_op_Read.ap_auto.i256(i256 %i_syn_in_rr_read)"   --->   Operation 11 'read' 'i_syn_in_rr_read_1' <Predicate = true> <Delay = 0.00>
ST_1 : Operation 12 [1/1] (0.00ns)   --->   "%i_syn_ex_rr_read_1 = call i256 @_ssdm_op_Read.ap_auto.i256(i256 %i_syn_ex_rr_read)"   --->   Operation 12 'read' 'i_syn_ex_rr_read_1' <Predicate = true> <Delay = 0.00>
ST_1 : Operation 13 [1/1] (0.00ns)   --->   "%V_m_r_read_1 = call i256 @_ssdm_op_Read.ap_auto.i256(i256 %V_m_r_read)"   --->   Operation 13 'read' 'V_m_r_read_1' <Predicate = true> <Delay = 0.00>
ST_1 : Operation 14 [1/1] (0.00ns)   --->   "%num_read = call i30 @_ssdm_op_Read.ap_auto.i30(i30 %num)"   --->   Operation 14 'read' 'num_read' <Predicate = true> <Delay = 0.00>
ST_1 : Operation 15 [1/1] (0.00ns)   --->   "%tmp = trunc i256 %i_syn_ex_rr_read_1 to i32" [../pingpang/neuron.cpp:104]   --->   Operation 15 'trunc' 'tmp' <Predicate = true> <Delay = 0.00>
ST_1 : Operation 16 [1/1] (0.00ns)   --->   "%tmp_1 = trunc i256 %i_syn_in_rr_read_1 to i32" [../pingpang/neuron.cpp:105]   --->   Operation 16 'trunc' 'tmp_1' <Predicate = true> <Delay = 0.00>
ST_1 : Operation 17 [1/1] (0.00ns)   --->   "%tmp_2 = trunc i256 %r_ref_r_read_1 to i32" [../pingpang/neuron.cpp:106]   --->   Operation 17 'trunc' 'tmp_2' <Predicate = true> <Delay = 0.00>
ST_1 : Operation 18 [1/1] (0.00ns)   --->   "%tmp_3 = trunc i256 %V_m_r_read_1 to i32" [../pingpang/neuron.cpp:107]   --->   Operation 18 'trunc' 'tmp_3' <Predicate = true> <Delay = 0.00>
ST_1 : Operation 19 [1/1] (0.00ns)   --->   "%tmp_4 = trunc i30 %num_read to i18"   --->   Operation 19 'trunc' 'tmp_4' <Predicate = true> <Delay = 0.00>
ST_1 : Operation 20 [1/1] (0.00ns)   --->   "%tmp_5_cast = zext i18 %tmp_4 to i26"   --->   Operation 20 'zext' 'tmp_5_cast' <Predicate = true> <Delay = 0.00>
ST_1 : Operation 21 [1/1] (0.00ns)   --->   "%sext_cast = zext i25 %input01_V_offset_rea to i26"   --->   Operation 21 'zext' 'sext_cast' <Predicate = true> <Delay = 0.00>
ST_1 : Operation 22 [1/1] (0.94ns)   --->   "%sum = add i26 %sext_cast, %tmp_5_cast"   --->   Operation 22 'add' 'sum' <Predicate = true> <Delay = 0.94> <Core = "AddSub">   --->   Core 14 'AddSub' <Latency = 0> <II = 1> <Delay = 0.94> <FuncUnit> <Opcode : 'add' 'sub'> <InPorts = 2> <OutPorts = 1>
ST_1 : Operation 23 [1/1] (0.00ns)   --->   "%tmp_6 = call i32 @_ssdm_op_PartSelect.i32.i256.i32.i32(i256 %i_syn_ex_rr_read_1, i32 32, i32 63)" [../pingpang/neuron.cpp:104]   --->   Operation 23 'partselect' 'tmp_6' <Predicate = true> <Delay = 0.00>
ST_1 : Operation 24 [1/1] (0.00ns)   --->   "%tmp_7 = call i32 @_ssdm_op_PartSelect.i32.i256.i32.i32(i256 %i_syn_in_rr_read_1, i32 32, i32 63)" [../pingpang/neuron.cpp:105]   --->   Operation 24 'partselect' 'tmp_7' <Predicate = true> <Delay = 0.00>
ST_1 : Operation 25 [1/1] (0.00ns)   --->   "%tmp_8 = call i32 @_ssdm_op_PartSelect.i32.i256.i32.i32(i256 %r_ref_r_read_1, i32 32, i32 63)" [../pingpang/neuron.cpp:106]   --->   Operation 25 'partselect' 'tmp_8' <Predicate = true> <Delay = 0.00>
ST_1 : Operation 26 [1/1] (0.00ns)   --->   "%tmp_9 = call i32 @_ssdm_op_PartSelect.i32.i256.i32.i32(i256 %V_m_r_read_1, i32 32, i32 63)" [../pingpang/neuron.cpp:107]   --->   Operation 26 'partselect' 'tmp_9' <Predicate = true> <Delay = 0.00>
ST_1 : Operation 27 [1/1] (0.00ns)   --->   "%tmp_s = call i32 @_ssdm_op_PartSelect.i32.i256.i32.i32(i256 %i_syn_ex_rr_read_1, i32 64, i32 95)" [../pingpang/neuron.cpp:104]   --->   Operation 27 'partselect' 'tmp_s' <Predicate = true> <Delay = 0.00>
ST_1 : Operation 28 [1/1] (0.00ns)   --->   "%tmp_5 = call i32 @_ssdm_op_PartSelect.i32.i256.i32.i32(i256 %i_syn_in_rr_read_1, i32 64, i32 95)" [../pingpang/neuron.cpp:105]   --->   Operation 28 'partselect' 'tmp_5' <Predicate = true> <Delay = 0.00>
ST_1 : Operation 29 [1/1] (0.00ns)   --->   "%tmp_10 = call i32 @_ssdm_op_PartSelect.i32.i256.i32.i32(i256 %r_ref_r_read_1, i32 64, i32 95)" [../pingpang/neuron.cpp:106]   --->   Operation 29 'partselect' 'tmp_10' <Predicate = true> <Delay = 0.00>
ST_1 : Operation 30 [1/1] (0.00ns)   --->   "%tmp_11 = call i32 @_ssdm_op_PartSelect.i32.i256.i32.i32(i256 %V_m_r_read_1, i32 64, i32 95)" [../pingpang/neuron.cpp:107]   --->   Operation 30 'partselect' 'tmp_11' <Predicate = true> <Delay = 0.00>
ST_1 : Operation 31 [1/1] (0.00ns)   --->   "%tmp_12 = call i32 @_ssdm_op_PartSelect.i32.i256.i32.i32(i256 %i_syn_ex_rr_read_1, i32 96, i32 127)" [../pingpang/neuron.cpp:104]   --->   Operation 31 'partselect' 'tmp_12' <Predicate = true> <Delay = 0.00>
ST_1 : Operation 32 [1/1] (0.00ns)   --->   "%tmp_13 = call i32 @_ssdm_op_PartSelect.i32.i256.i32.i32(i256 %i_syn_in_rr_read_1, i32 96, i32 127)" [../pingpang/neuron.cpp:105]   --->   Operation 32 'partselect' 'tmp_13' <Predicate = true> <Delay = 0.00>
ST_1 : Operation 33 [1/1] (0.00ns)   --->   "%tmp_14 = call i32 @_ssdm_op_PartSelect.i32.i256.i32.i32(i256 %r_ref_r_read_1, i32 96, i32 127)" [../pingpang/neuron.cpp:106]   --->   Operation 33 'partselect' 'tmp_14' <Predicate = true> <Delay = 0.00>
ST_1 : Operation 34 [1/1] (0.00ns)   --->   "%tmp_15 = call i32 @_ssdm_op_PartSelect.i32.i256.i32.i32(i256 %V_m_r_read_1, i32 96, i32 127)" [../pingpang/neuron.cpp:107]   --->   Operation 34 'partselect' 'tmp_15' <Predicate = true> <Delay = 0.00>
ST_1 : Operation 35 [1/1] (0.00ns)   --->   "%tmp_16 = call i32 @_ssdm_op_PartSelect.i32.i256.i32.i32(i256 %i_syn_ex_rr_read_1, i32 128, i32 159)" [../pingpang/neuron.cpp:104]   --->   Operation 35 'partselect' 'tmp_16' <Predicate = true> <Delay = 0.00>
ST_1 : Operation 36 [1/1] (0.00ns)   --->   "%tmp_17 = call i32 @_ssdm_op_PartSelect.i32.i256.i32.i32(i256 %i_syn_in_rr_read_1, i32 128, i32 159)" [../pingpang/neuron.cpp:105]   --->   Operation 36 'partselect' 'tmp_17' <Predicate = true> <Delay = 0.00>
ST_1 : Operation 37 [1/1] (0.00ns)   --->   "%tmp_18 = call i32 @_ssdm_op_PartSelect.i32.i256.i32.i32(i256 %r_ref_r_read_1, i32 128, i32 159)" [../pingpang/neuron.cpp:106]   --->   Operation 37 'partselect' 'tmp_18' <Predicate = true> <Delay = 0.00>
ST_1 : Operation 38 [1/1] (0.00ns)   --->   "%tmp_19 = call i32 @_ssdm_op_PartSelect.i32.i256.i32.i32(i256 %V_m_r_read_1, i32 128, i32 159)" [../pingpang/neuron.cpp:107]   --->   Operation 38 'partselect' 'tmp_19' <Predicate = true> <Delay = 0.00>
ST_1 : Operation 39 [1/1] (0.00ns)   --->   "%tmp_20 = call i32 @_ssdm_op_PartSelect.i32.i256.i32.i32(i256 %i_syn_ex_rr_read_1, i32 160, i32 191)" [../pingpang/neuron.cpp:104]   --->   Operation 39 'partselect' 'tmp_20' <Predicate = true> <Delay = 0.00>
ST_1 : Operation 40 [1/1] (0.00ns)   --->   "%tmp_21 = call i32 @_ssdm_op_PartSelect.i32.i256.i32.i32(i256 %i_syn_in_rr_read_1, i32 160, i32 191)" [../pingpang/neuron.cpp:105]   --->   Operation 40 'partselect' 'tmp_21' <Predicate = true> <Delay = 0.00>
ST_1 : Operation 41 [1/1] (0.00ns)   --->   "%tmp_22 = call i32 @_ssdm_op_PartSelect.i32.i256.i32.i32(i256 %r_ref_r_read_1, i32 160, i32 191)" [../pingpang/neuron.cpp:106]   --->   Operation 41 'partselect' 'tmp_22' <Predicate = true> <Delay = 0.00>
ST_1 : Operation 42 [1/1] (0.00ns)   --->   "%tmp_23 = call i32 @_ssdm_op_PartSelect.i32.i256.i32.i32(i256 %V_m_r_read_1, i32 160, i32 191)" [../pingpang/neuron.cpp:107]   --->   Operation 42 'partselect' 'tmp_23' <Predicate = true> <Delay = 0.00>
ST_1 : Operation 43 [1/1] (0.00ns)   --->   "%tmp_24 = call i32 @_ssdm_op_PartSelect.i32.i256.i32.i32(i256 %i_syn_ex_rr_read_1, i32 192, i32 223)" [../pingpang/neuron.cpp:104]   --->   Operation 43 'partselect' 'tmp_24' <Predicate = true> <Delay = 0.00>
ST_1 : Operation 44 [1/1] (0.00ns)   --->   "%tmp_25 = call i32 @_ssdm_op_PartSelect.i32.i256.i32.i32(i256 %i_syn_in_rr_read_1, i32 192, i32 223)" [../pingpang/neuron.cpp:105]   --->   Operation 44 'partselect' 'tmp_25' <Predicate = true> <Delay = 0.00>
ST_1 : Operation 45 [1/1] (0.00ns)   --->   "%tmp_26 = call i32 @_ssdm_op_PartSelect.i32.i256.i32.i32(i256 %r_ref_r_read_1, i32 192, i32 223)" [../pingpang/neuron.cpp:106]   --->   Operation 45 'partselect' 'tmp_26' <Predicate = true> <Delay = 0.00>
ST_1 : Operation 46 [1/1] (0.00ns)   --->   "%tmp_27 = call i32 @_ssdm_op_PartSelect.i32.i256.i32.i32(i256 %V_m_r_read_1, i32 192, i32 223)" [../pingpang/neuron.cpp:107]   --->   Operation 46 'partselect' 'tmp_27' <Predicate = true> <Delay = 0.00>
ST_1 : Operation 47 [1/1] (0.00ns)   --->   "%tmp_28 = call i32 @_ssdm_op_PartSelect.i32.i256.i32.i32(i256 %i_syn_ex_rr_read_1, i32 224, i32 255)" [../pingpang/neuron.cpp:104]   --->   Operation 47 'partselect' 'tmp_28' <Predicate = true> <Delay = 0.00>
ST_1 : Operation 48 [1/1] (0.00ns)   --->   "%tmp_29 = call i32 @_ssdm_op_PartSelect.i32.i256.i32.i32(i256 %i_syn_in_rr_read_1, i32 224, i32 255)" [../pingpang/neuron.cpp:105]   --->   Operation 48 'partselect' 'tmp_29' <Predicate = true> <Delay = 0.00>
ST_1 : Operation 49 [1/1] (0.00ns)   --->   "%tmp_30 = call i32 @_ssdm_op_PartSelect.i32.i256.i32.i32(i256 %r_ref_r_read_1, i32 224, i32 255)" [../pingpang/neuron.cpp:106]   --->   Operation 49 'partselect' 'tmp_30' <Predicate = true> <Delay = 0.00>
ST_1 : Operation 50 [1/1] (0.00ns)   --->   "%tmp_31 = call i32 @_ssdm_op_PartSelect.i32.i256.i32.i32(i256 %V_m_r_read_1, i32 224, i32 255)" [../pingpang/neuron.cpp:107]   --->   Operation 50 'partselect' 'tmp_31' <Predicate = true> <Delay = 0.00>

State 2 <SV = 1> <Delay = 8.75>
ST_2 : Operation 51 [1/1] (0.00ns)   --->   "%sum_cast = zext i26 %sum to i64"   --->   Operation 51 'zext' 'sum_cast' <Predicate = true> <Delay = 0.00>
ST_2 : Operation 52 [1/1] (0.00ns)   --->   "%input01_V_addr = getelementptr i1024* %input01_V, i64 %sum_cast"   --->   Operation 52 'getelementptr' 'input01_V_addr' <Predicate = true> <Delay = 0.00>
ST_2 : Operation 53 [1/1] (8.75ns)   --->   "%input01_V_addr_req = call i1 @_ssdm_op_WriteReq.m_axi.i1024P(i1024* %input01_V_addr, i32 1)" [../pingpang/neuron.cpp:108]   --->   Operation 53 'writereq' 'input01_V_addr_req' <Predicate = true> <Delay = 8.75> <Core = "m_axi">   --->   Core 9 'm_axi' <Latency = 6> <II = 1> <Delay = 1.00> <Adapter> <Opcode : 'read' 'write' 'readreq' 'writereq' 'writeresp'>

State 3 <SV = 2> <Delay = 8.75>
ST_3 : Operation 54 [1/1] (0.00ns)   --->   "%tmp_32 = call i1024 @_ssdm_op_BitConcatenate.i1024.i32.i32.i32.i32.i32.i32.i32.i32.i32.i32.i32.i32.i32.i32.i32.i32.i32.i32.i32.i32.i32.i32.i32.i32.i32.i32.i32.i32.i32.i32.i32.i32(i32 %tmp_31, i32 %tmp_30, i32 %tmp_29, i32 %tmp_28, i32 %tmp_27, i32 %tmp_26, i32 %tmp_25, i32 %tmp_24, i32 %tmp_23, i32 %tmp_22, i32 %tmp_21, i32 %tmp_20, i32 %tmp_19, i32 %tmp_18, i32 %tmp_17, i32 %tmp_16, i32 %tmp_15, i32 %tmp_14, i32 %tmp_13, i32 %tmp_12, i32 %tmp_11, i32 %tmp_10, i32 %tmp_5, i32 %tmp_s, i32 %tmp_9, i32 %tmp_8, i32 %tmp_7, i32 %tmp_6, i32 %tmp_3, i32 %tmp_2, i32 %tmp_1, i32 %tmp)" [../pingpang/neuron.cpp:108]   --->   Operation 54 'bitconcatenate' 'tmp_32' <Predicate = true> <Delay = 0.00>
ST_3 : Operation 55 [1/1] (8.75ns)   --->   "call void @_ssdm_op_Write.m_axi.i1024P(i1024* %input01_V_addr, i1024 %tmp_32, i128 -1)" [../pingpang/neuron.cpp:108]   --->   Operation 55 'write' <Predicate = true> <Delay = 8.75> <Core = "m_axi">   --->   Core 9 'm_axi' <Latency = 6> <II = 1> <Delay = 1.00> <Adapter> <Opcode : 'read' 'write' 'readreq' 'writereq' 'writeresp'>

State 4 <SV = 3> <Delay = 8.75>
ST_4 : Operation 56 [5/5] (8.75ns)   --->   "%input01_V_addr_resp = call i1 @_ssdm_op_WriteResp.m_axi.i1024P(i1024* %input01_V_addr)" [../pingpang/neuron.cpp:108]   --->   Operation 56 'writeresp' 'input01_V_addr_resp' <Predicate = true> <Delay = 8.75> <Core = "m_axi">   --->   Core 9 'm_axi' <Latency = 6> <II = 1> <Delay = 1.00> <Adapter> <Opcode : 'read' 'write' 'readreq' 'writereq' 'writeresp'>

State 5 <SV = 4> <Delay = 8.75>
ST_5 : Operation 57 [4/5] (8.75ns)   --->   "%input01_V_addr_resp = call i1 @_ssdm_op_WriteResp.m_axi.i1024P(i1024* %input01_V_addr)" [../pingpang/neuron.cpp:108]   --->   Operation 57 'writeresp' 'input01_V_addr_resp' <Predicate = true> <Delay = 8.75> <Core = "m_axi">   --->   Core 9 'm_axi' <Latency = 6> <II = 1> <Delay = 1.00> <Adapter> <Opcode : 'read' 'write' 'readreq' 'writereq' 'writeresp'>

State 6 <SV = 5> <Delay = 8.75>
ST_6 : Operation 58 [3/5] (8.75ns)   --->   "%input01_V_addr_resp = call i1 @_ssdm_op_WriteResp.m_axi.i1024P(i1024* %input01_V_addr)" [../pingpang/neuron.cpp:108]   --->   Operation 58 'writeresp' 'input01_V_addr_resp' <Predicate = true> <Delay = 8.75> <Core = "m_axi">   --->   Core 9 'm_axi' <Latency = 6> <II = 1> <Delay = 1.00> <Adapter> <Opcode : 'read' 'write' 'readreq' 'writereq' 'writeresp'>

State 7 <SV = 6> <Delay = 8.75>
ST_7 : Operation 59 [2/5] (8.75ns)   --->   "%input01_V_addr_resp = call i1 @_ssdm_op_WriteResp.m_axi.i1024P(i1024* %input01_V_addr)" [../pingpang/neuron.cpp:108]   --->   Operation 59 'writeresp' 'input01_V_addr_resp' <Predicate = true> <Delay = 8.75> <Core = "m_axi">   --->   Core 9 'm_axi' <Latency = 6> <II = 1> <Delay = 1.00> <Adapter> <Opcode : 'read' 'write' 'readreq' 'writereq' 'writeresp'>

State 8 <SV = 7> <Delay = 8.75>
ST_8 : Operation 60 [1/1] (0.00ns)   --->   "call void (...)* @_ssdm_op_SpecInterface(i1024* %input01_V, [6 x i8]* @p_str1, i32 0, i32 0, [1 x i8]* @p_str, i32 0, i32 900000, [8 x i8]* @p_str8, [6 x i8]* @p_str3, [1 x i8]* @p_str, i32 16, i32 16, i32 16, i32 16, [1 x i8]* @p_str, [1 x i8]* @p_str)"   --->   Operation 60 'specinterface' <Predicate = true> <Delay = 0.00>
ST_8 : Operation 61 [1/5] (8.75ns)   --->   "%input01_V_addr_resp = call i1 @_ssdm_op_WriteResp.m_axi.i1024P(i1024* %input01_V_addr)" [../pingpang/neuron.cpp:108]   --->   Operation 61 'writeresp' 'input01_V_addr_resp' <Predicate = true> <Delay = 8.75> <Core = "m_axi">   --->   Core 9 'm_axi' <Latency = 6> <II = 1> <Delay = 1.00> <Adapter> <Opcode : 'read' 'write' 'readreq' 'writereq' 'writeresp'>
ST_8 : Operation 62 [1/1] (0.00ns)   --->   "ret void" [../pingpang/neuron.cpp:110]   --->   Operation 62 'ret' <Predicate = true> <Delay = 0.00>


============================================================
+ Verbose Summary: Binding
============================================================
STG Binding: 
---------------- STG Properties BEGIN ----------------
- Is combinational: 0
- Is one-state seq: 0
- Is datapath-only: 0
- Is pipelined: 1
- Is top level: 0
Port [ Return ] is wired: 1; IO mode=ap_ctrl_hs:ce=0
Port [ num]:  wired=1; compound=0; hidden=0; nouse=0; global=0; static=0; extern=0; dir=0; type=0; pingpong=0; private_global=0; IO mode=ap_none:ce=0
Port [ V_m_r_read]:  wired=1; compound=0; hidden=0; nouse=0; global=0; static=0; extern=0; dir=0; type=0; pingpong=0; private_global=0; IO mode=ap_none:ce=0
Port [ i_syn_ex_rr_read]:  wired=1; compound=0; hidden=0; nouse=0; global=0; static=0; extern=0; dir=0; type=0; pingpong=0; private_global=0; IO mode=ap_none:ce=0
Port [ i_syn_in_rr_read]:  wired=1; compound=0; hidden=0; nouse=0; global=0; static=0; extern=0; dir=0; type=0; pingpong=0; private_global=0; IO mode=ap_none:ce=0
Port [ r_ref_r_read]:  wired=1; compound=0; hidden=0; nouse=0; global=0; static=0; extern=0; dir=0; type=0; pingpong=0; private_global=0; IO mode=ap_none:ce=0
Port [ input01_V]:  wired=1; compound=1; hidden=0; nouse=0; global=0; static=0; extern=0; dir=1; type=4; pingpong=0; private_global=0; IO mode=m_axi:ce=0
Port [ input01_V_offset]:  wired=1; compound=0; hidden=0; nouse=0; global=0; static=0; extern=0; dir=0; type=0; pingpong=0; private_global=0; IO mode=ap_none:ce=0
---------------- STG Properties END ------------------

---------------- Datapath Model BEGIN ----------------

<LifeTime>
<method=bitvector/>
input01_V_offset_rea (read          ) [ 000000000]
r_ref_r_read_1       (read          ) [ 000000000]
i_syn_in_rr_read_1   (read          ) [ 000000000]
i_syn_ex_rr_read_1   (read          ) [ 000000000]
V_m_r_read_1         (read          ) [ 000000000]
num_read             (read          ) [ 000000000]
tmp                  (trunc         ) [ 011100000]
tmp_1                (trunc         ) [ 011100000]
tmp_2                (trunc         ) [ 011100000]
tmp_3                (trunc         ) [ 011100000]
tmp_4                (trunc         ) [ 000000000]
tmp_5_cast           (zext          ) [ 000000000]
sext_cast            (zext          ) [ 000000000]
sum                  (add           ) [ 011000000]
tmp_6                (partselect    ) [ 011100000]
tmp_7                (partselect    ) [ 011100000]
tmp_8                (partselect    ) [ 011100000]
tmp_9                (partselect    ) [ 011100000]
tmp_s                (partselect    ) [ 011100000]
tmp_5                (partselect    ) [ 011100000]
tmp_10               (partselect    ) [ 011100000]
tmp_11               (partselect    ) [ 011100000]
tmp_12               (partselect    ) [ 011100000]
tmp_13               (partselect    ) [ 011100000]
tmp_14               (partselect    ) [ 011100000]
tmp_15               (partselect    ) [ 011100000]
tmp_16               (partselect    ) [ 011100000]
tmp_17               (partselect    ) [ 011100000]
tmp_18               (partselect    ) [ 011100000]
tmp_19               (partselect    ) [ 011100000]
tmp_20               (partselect    ) [ 011100000]
tmp_21               (partselect    ) [ 011100000]
tmp_22               (partselect    ) [ 011100000]
tmp_23               (partselect    ) [ 011100000]
tmp_24               (partselect    ) [ 011100000]
tmp_25               (partselect    ) [ 011100000]
tmp_26               (partselect    ) [ 011100000]
tmp_27               (partselect    ) [ 011100000]
tmp_28               (partselect    ) [ 011100000]
tmp_29               (partselect    ) [ 011100000]
tmp_30               (partselect    ) [ 011100000]
tmp_31               (partselect    ) [ 011100000]
sum_cast             (zext          ) [ 000000000]
input01_V_addr       (getelementptr ) [ 010111111]
input01_V_addr_req   (writereq      ) [ 000000000]
tmp_32               (bitconcatenate) [ 000000000]
StgValue_55          (write         ) [ 000000000]
StgValue_60          (specinterface ) [ 000000000]
input01_V_addr_resp  (writeresp     ) [ 000000000]
StgValue_62          (ret           ) [ 000000000]
</LifeTime>

<model>

<comp_list>
<comp id="0" class="1000" name="num">
<pin_list>
<pin id="1" dir="1" index="0" bw="1" slack="0"/>
</pin_list>
<bind>
<StgValue><ssdm name="num"/></StgValue>
</bind>
</comp>

<comp id="2" class="1000" name="V_m_r_read">
<pin_list>
<pin id="3" dir="1" index="0" bw="1" slack="0"/>
</pin_list>
<bind>
<StgValue><ssdm name="V_m_r_read"/></StgValue>
</bind>
</comp>

<comp id="4" class="1000" name="i_syn_ex_rr_read">
<pin_list>
<pin id="5" dir="1" index="0" bw="1" slack="0"/>
</pin_list>
<bind>
<StgValue><ssdm name="i_syn_ex_rr_read"/></StgValue>
</bind>
</comp>

<comp id="6" class="1000" name="i_syn_in_rr_read">
<pin_list>
<pin id="7" dir="1" index="0" bw="1" slack="0"/>
</pin_list>
<bind>
<StgValue><ssdm name="i_syn_in_rr_read"/></StgValue>
</bind>
</comp>

<comp id="8" class="1000" name="r_ref_r_read">
<pin_list>
<pin id="9" dir="1" index="0" bw="1" slack="0"/>
</pin_list>
<bind>
<StgValue><ssdm name="r_ref_r_read"/></StgValue>
</bind>
</comp>

<comp id="10" class="1000" name="input01_V">
<pin_list>
<pin id="11" dir="1" index="0" bw="1" slack="0"/>
</pin_list>
<bind>
<StgValue><ssdm name="input01_V"/></StgValue>
</bind>
</comp>

<comp id="12" class="1000" name="input01_V_offset">
<pin_list>
<pin id="13" dir="1" index="0" bw="1" slack="0"/>
</pin_list>
<bind>
<StgValue><ssdm name="input01_V_offset"/></StgValue>
</bind>
</comp>

<comp id="14" class="1001" name="const_14">
<pin_list>
<pin id="15" dir="1" index="0" bw="1" slack="0"/>
</pin_list>
<bind>
<StgValue><ssdm name="_ssdm_op_Read.ap_auto.i25"/></StgValue>
</bind>
</comp>

<comp id="16" class="1001" name="const_16">
<pin_list>
<pin id="17" dir="1" index="0" bw="1" slack="0"/>
</pin_list>
<bind>
<StgValue><ssdm name="_ssdm_op_Read.ap_auto.i256"/></StgValue>
</bind>
</comp>

<comp id="18" class="1001" name="const_18">
<pin_list>
<pin id="19" dir="1" index="0" bw="1" slack="0"/>
</pin_list>
<bind>
<StgValue><ssdm name="_ssdm_op_Read.ap_auto.i30"/></StgValue>
</bind>
</comp>

<comp id="20" class="1001" name="const_20">
<pin_list>
<pin id="21" dir="1" index="0" bw="1" slack="0"/>
</pin_list>
<bind>
<StgValue><ssdm name="_ssdm_op_PartSelect.i32.i256.i32.i32"/></StgValue>
</bind>
</comp>

<comp id="22" class="1001" name="const_22">
<pin_list>
<pin id="23" dir="1" index="0" bw="1" slack="0"/>
</pin_list>
<bind>
<StgValue><ssdm name=""/></StgValue>
</bind>
</comp>

<comp id="24" class="1001" name="const_24">
<pin_list>
<pin id="25" dir="1" index="0" bw="1" slack="0"/>
</pin_list>
<bind>
<StgValue><ssdm name=""/></StgValue>
</bind>
</comp>

<comp id="26" class="1001" name="const_26">
<pin_list>
<pin id="27" dir="1" index="0" bw="1" slack="0"/>
</pin_list>
<bind>
<StgValue><ssdm name=""/></StgValue>
</bind>
</comp>

<comp id="28" class="1001" name="const_28">
<pin_list>
<pin id="29" dir="1" index="0" bw="1" slack="0"/>
</pin_list>
<bind>
<StgValue><ssdm name=""/></StgValue>
</bind>
</comp>

<comp id="30" class="1001" name="const_30">
<pin_list>
<pin id="31" dir="1" index="0" bw="1" slack="0"/>
</pin_list>
<bind>
<StgValue><ssdm name=""/></StgValue>
</bind>
</comp>

<comp id="32" class="1001" name="const_32">
<pin_list>
<pin id="33" dir="1" index="0" bw="1" slack="0"/>
</pin_list>
<bind>
<StgValue><ssdm name=""/></StgValue>
</bind>
</comp>

<comp id="34" class="1001" name="const_34">
<pin_list>
<pin id="35" dir="1" index="0" bw="1" slack="0"/>
</pin_list>
<bind>
<StgValue><ssdm name=""/></StgValue>
</bind>
</comp>

<comp id="36" class="1001" name="const_36">
<pin_list>
<pin id="37" dir="1" index="0" bw="1" slack="0"/>
</pin_list>
<bind>
<StgValue><ssdm name=""/></StgValue>
</bind>
</comp>

<comp id="38" class="1001" name="const_38">
<pin_list>
<pin id="39" dir="1" index="0" bw="1" slack="0"/>
</pin_list>
<bind>
<StgValue><ssdm name=""/></StgValue>
</bind>
</comp>

<comp id="40" class="1001" name="const_40">
<pin_list>
<pin id="41" dir="1" index="0" bw="1" slack="0"/>
</pin_list>
<bind>
<StgValue><ssdm name=""/></StgValue>
</bind>
</comp>

<comp id="42" class="1001" name="const_42">
<pin_list>
<pin id="43" dir="1" index="0" bw="1" slack="0"/>
</pin_list>
<bind>
<StgValue><ssdm name=""/></StgValue>
</bind>
</comp>

<comp id="44" class="1001" name="const_44">
<pin_list>
<pin id="45" dir="1" index="0" bw="1" slack="0"/>
</pin_list>
<bind>
<StgValue><ssdm name=""/></StgValue>
</bind>
</comp>

<comp id="46" class="1001" name="const_46">
<pin_list>
<pin id="47" dir="1" index="0" bw="1" slack="0"/>
</pin_list>
<bind>
<StgValue><ssdm name=""/></StgValue>
</bind>
</comp>

<comp id="48" class="1001" name="const_48">
<pin_list>
<pin id="49" dir="1" index="0" bw="1" slack="0"/>
</pin_list>
<bind>
<StgValue><ssdm name=""/></StgValue>
</bind>
</comp>

<comp id="50" class="1001" name="const_50">
<pin_list>
<pin id="51" dir="1" index="0" bw="1" slack="0"/>
</pin_list>
<bind>
<StgValue><ssdm name="_ssdm_op_WriteReq.m_axi.i1024P"/></StgValue>
</bind>
</comp>

<comp id="52" class="1001" name="const_52">
<pin_list>
<pin id="53" dir="1" index="0" bw="1" slack="0"/>
</pin_list>
<bind>
<StgValue><ssdm name=""/></StgValue>
</bind>
</comp>

<comp id="54" class="1001" name="const_54">
<pin_list>
<pin id="55" dir="1" index="0" bw="1" slack="0"/>
</pin_list>
<bind>
<StgValue><ssdm name="_ssdm_op_BitConcatenate.i1024.i32.i32.i32.i32.i32.i32.i32.i32.i32.i32.i32.i32.i32.i32.i32.i32.i32.i32.i32.i32.i32.i32.i32.i32.i32.i32.i32.i32.i32.i32.i32.i32"/></StgValue>
</bind>
</comp>

<comp id="56" class="1001" name="const_56">
<pin_list>
<pin id="57" dir="1" index="0" bw="1" slack="0"/>
</pin_list>
<bind>
<StgValue><ssdm name="_ssdm_op_Write.m_axi.i1024P"/></StgValue>
</bind>
</comp>

<comp id="58" class="1001" name="const_58">
<pin_list>
<pin id="59" dir="1" index="0" bw="1" slack="0"/>
</pin_list>
<bind>
<StgValue><ssdm name=""/></StgValue>
</bind>
</comp>

<comp id="60" class="1001" name="const_60">
<pin_list>
<pin id="61" dir="1" index="0" bw="1" slack="0"/>
</pin_list>
<bind>
<StgValue><ssdm name="_ssdm_op_WriteResp.m_axi.i1024P"/></StgValue>
</bind>
</comp>

<comp id="62" class="1001" name="const_62">
<pin_list>
<pin id="63" dir="1" index="0" bw="1" slack="2147483647"/>
</pin_list>
<bind>
<StgValue><ssdm name="_ssdm_op_SpecInterface"/></StgValue>
</bind>
</comp>

<comp id="64" class="1001" name="const_64">
<pin_list>
<pin id="65" dir="1" index="0" bw="1" slack="2147483647"/>
</pin_list>
<bind>
<StgValue><ssdm name="p_str1"/></StgValue>
</bind>
</comp>

<comp id="66" class="1001" name="const_66">
<pin_list>
<pin id="67" dir="1" index="0" bw="1" slack="2147483647"/>
</pin_list>
<bind>
<StgValue><ssdm name=""/></StgValue>
</bind>
</comp>

<comp id="68" class="1001" name="const_68">
<pin_list>
<pin id="69" dir="1" index="0" bw="1" slack="2147483647"/>
</pin_list>
<bind>
<StgValue><ssdm name="p_str"/></StgValue>
</bind>
</comp>

<comp id="70" class="1001" name="const_70">
<pin_list>
<pin id="71" dir="1" index="0" bw="1" slack="2147483647"/>
</pin_list>
<bind>
<StgValue><ssdm name=""/></StgValue>
</bind>
</comp>

<comp id="72" class="1001" name="const_72">
<pin_list>
<pin id="73" dir="1" index="0" bw="1" slack="2147483647"/>
</pin_list>
<bind>
<StgValue><ssdm name="p_str8"/></StgValue>
</bind>
</comp>

<comp id="74" class="1001" name="const_74">
<pin_list>
<pin id="75" dir="1" index="0" bw="1" slack="2147483647"/>
</pin_list>
<bind>
<StgValue><ssdm name="p_str3"/></StgValue>
</bind>
</comp>

<comp id="76" class="1001" name="const_76">
<pin_list>
<pin id="77" dir="1" index="0" bw="1" slack="2147483647"/>
</pin_list>
<bind>
<StgValue><ssdm name=""/></StgValue>
</bind>
</comp>

<comp id="78" class="1004" name="input01_V_offset_rea_read_fu_78">
<pin_list>
<pin id="79" dir="0" index="0" bw="25" slack="0"/>
<pin id="80" dir="0" index="1" bw="25" slack="0"/>
<pin id="81" dir="1" index="2" bw="25" slack="0"/>
</pin_list>
<bind>
<opcode="read(1150) " fcode="read"/>
<opset="input01_V_offset_rea/1 "/>
</bind>
</comp>

<comp id="84" class="1004" name="r_ref_r_read_1_read_fu_84">
<pin_list>
<pin id="85" dir="0" index="0" bw="256" slack="0"/>
<pin id="86" dir="0" index="1" bw="256" slack="0"/>
<pin id="87" dir="1" index="2" bw="256" slack="0"/>
</pin_list>
<bind>
<opcode="read(1150) " fcode="read"/>
<opset="r_ref_r_read_1/1 "/>
</bind>
</comp>

<comp id="90" class="1004" name="i_syn_in_rr_read_1_read_fu_90">
<pin_list>
<pin id="91" dir="0" index="0" bw="256" slack="0"/>
<pin id="92" dir="0" index="1" bw="256" slack="0"/>
<pin id="93" dir="1" index="2" bw="256" slack="0"/>
</pin_list>
<bind>
<opcode="read(1150) " fcode="read"/>
<opset="i_syn_in_rr_read_1/1 "/>
</bind>
</comp>

<comp id="96" class="1004" name="i_syn_ex_rr_read_1_read_fu_96">
<pin_list>
<pin id="97" dir="0" index="0" bw="256" slack="0"/>
<pin id="98" dir="0" index="1" bw="256" slack="0"/>
<pin id="99" dir="1" index="2" bw="256" slack="0"/>
</pin_list>
<bind>
<opcode="read(1150) " fcode="read"/>
<opset="i_syn_ex_rr_read_1/1 "/>
</bind>
</comp>

<comp id="102" class="1004" name="V_m_r_read_1_read_fu_102">
<pin_list>
<pin id="103" dir="0" index="0" bw="256" slack="0"/>
<pin id="104" dir="0" index="1" bw="256" slack="0"/>
<pin id="105" dir="1" index="2" bw="256" slack="0"/>
</pin_list>
<bind>
<opcode="read(1150) " fcode="read"/>
<opset="V_m_r_read_1/1 "/>
</bind>
</comp>

<comp id="108" class="1004" name="num_read_read_fu_108">
<pin_list>
<pin id="109" dir="0" index="0" bw="30" slack="0"/>
<pin id="110" dir="0" index="1" bw="30" slack="0"/>
<pin id="111" dir="1" index="2" bw="30" slack="0"/>
</pin_list>
<bind>
<opcode="read(1150) " fcode="read"/>
<opset="num_read/1 "/>
</bind>
</comp>

<comp id="114" class="1004" name="grp_writeresp_fu_114">
<pin_list>
<pin id="115" dir="0" index="0" bw="1" slack="0"/>
<pin id="116" dir="0" index="1" bw="1024" slack="0"/>
<pin id="117" dir="0" index="2" bw="1" slack="0"/>
<pin id="118" dir="1" index="3" bw="1" slack="2147483647"/>
</pin_list>
<bind>
<opcode="writereq(1155) writeresp(1158) " fcode="writeresp"/>
<opset="input01_V_addr_req/2 input01_V_addr_resp/4 "/>
</bind>
</comp>

<comp id="121" class="1004" name="StgValue_55_write_fu_121">
<pin_list>
<pin id="122" dir="0" index="0" bw="0" slack="0"/>
<pin id="123" dir="0" index="1" bw="1024" slack="1"/>
<pin id="124" dir="0" index="2" bw="1024" slack="0"/>
<pin id="125" dir="0" index="3" bw="1" slack="0"/>
<pin id="126" dir="1" index="4" bw="0" slack="2147483647"/>
</pin_list>
<bind>
<opcode="write(1151) " fcode="write"/>
<opset="StgValue_55/3 "/>
</bind>
</comp>

<comp id="130" class="1004" name="tmp_fu_130">
<pin_list>
<pin id="131" dir="0" index="0" bw="256" slack="0"/>
<pin id="132" dir="1" index="1" bw="32" slack="2"/>
</pin_list>
<bind>
<opcode="trunc(33) " fcode="trunc"/>
<opset="tmp/1 "/>
</bind>
</comp>

<comp id="134" class="1004" name="tmp_1_fu_134">
<pin_list>
<pin id="135" dir="0" index="0" bw="256" slack="0"/>
<pin id="136" dir="1" index="1" bw="32" slack="2"/>
</pin_list>
<bind>
<opcode="trunc(33) " fcode="trunc"/>
<opset="tmp_1/1 "/>
</bind>
</comp>

<comp id="138" class="1004" name="tmp_2_fu_138">
<pin_list>
<pin id="139" dir="0" index="0" bw="256" slack="0"/>
<pin id="140" dir="1" index="1" bw="32" slack="2"/>
</pin_list>
<bind>
<opcode="trunc(33) " fcode="trunc"/>
<opset="tmp_2/1 "/>
</bind>
</comp>

<comp id="142" class="1004" name="tmp_3_fu_142">
<pin_list>
<pin id="143" dir="0" index="0" bw="256" slack="0"/>
<pin id="144" dir="1" index="1" bw="32" slack="2"/>
</pin_list>
<bind>
<opcode="trunc(33) " fcode="trunc"/>
<opset="tmp_3/1 "/>
</bind>
</comp>

<comp id="146" class="1004" name="tmp_4_fu_146">
<pin_list>
<pin id="147" dir="0" index="0" bw="30" slack="0"/>
<pin id="148" dir="1" index="1" bw="18" slack="0"/>
</pin_list>
<bind>
<opcode="trunc(33) " fcode="trunc"/>
<opset="tmp_4/1 "/>
</bind>
</comp>

<comp id="150" class="1004" name="tmp_5_cast_fu_150">
<pin_list>
<pin id="151" dir="0" index="0" bw="18" slack="0"/>
<pin id="152" dir="1" index="1" bw="26" slack="0"/>
</pin_list>
<bind>
<opcode="zext(34) " fcode="zext"/>
<opset="tmp_5_cast/1 "/>
</bind>
</comp>

<comp id="154" class="1004" name="sext_cast_fu_154">
<pin_list>
<pin id="155" dir="0" index="0" bw="25" slack="0"/>
<pin id="156" dir="1" index="1" bw="26" slack="0"/>
</pin_list>
<bind>
<opcode="zext(34) " fcode="zext"/>
<opset="sext_cast/1 "/>
</bind>
</comp>

<comp id="158" class="1004" name="sum_fu_158">
<pin_list>
<pin id="159" dir="0" index="0" bw="25" slack="0"/>
<pin id="160" dir="0" index="1" bw="18" slack="0"/>
<pin id="161" dir="1" index="2" bw="26" slack="1"/>
</pin_list>
<bind>
<opcode="add(8) " fcode="add"/>
<opset="sum/1 "/>
</bind>
</comp>

<comp id="164" class="1004" name="tmp_6_fu_164">
<pin_list>
<pin id="165" dir="0" index="0" bw="32" slack="0"/>
<pin id="166" dir="0" index="1" bw="256" slack="0"/>
<pin id="167" dir="0" index="2" bw="7" slack="0"/>
<pin id="168" dir="0" index="3" bw="7" slack="0"/>
<pin id="169" dir="1" index="4" bw="32" slack="2"/>
</pin_list>
<bind>
<opcode="partselect(1002) " fcode="partselect"/>
<opset="tmp_6/1 "/>
</bind>
</comp>

<comp id="174" class="1004" name="tmp_7_fu_174">
<pin_list>
<pin id="175" dir="0" index="0" bw="32" slack="0"/>
<pin id="176" dir="0" index="1" bw="256" slack="0"/>
<pin id="177" dir="0" index="2" bw="7" slack="0"/>
<pin id="178" dir="0" index="3" bw="7" slack="0"/>
<pin id="179" dir="1" index="4" bw="32" slack="2"/>
</pin_list>
<bind>
<opcode="partselect(1002) " fcode="partselect"/>
<opset="tmp_7/1 "/>
</bind>
</comp>

<comp id="184" class="1004" name="tmp_8_fu_184">
<pin_list>
<pin id="185" dir="0" index="0" bw="32" slack="0"/>
<pin id="186" dir="0" index="1" bw="256" slack="0"/>
<pin id="187" dir="0" index="2" bw="7" slack="0"/>
<pin id="188" dir="0" index="3" bw="7" slack="0"/>
<pin id="189" dir="1" index="4" bw="32" slack="2"/>
</pin_list>
<bind>
<opcode="partselect(1002) " fcode="partselect"/>
<opset="tmp_8/1 "/>
</bind>
</comp>

<comp id="194" class="1004" name="tmp_9_fu_194">
<pin_list>
<pin id="195" dir="0" index="0" bw="32" slack="0"/>
<pin id="196" dir="0" index="1" bw="256" slack="0"/>
<pin id="197" dir="0" index="2" bw="7" slack="0"/>
<pin id="198" dir="0" index="3" bw="7" slack="0"/>
<pin id="199" dir="1" index="4" bw="32" slack="2"/>
</pin_list>
<bind>
<opcode="partselect(1002) " fcode="partselect"/>
<opset="tmp_9/1 "/>
</bind>
</comp>

<comp id="204" class="1004" name="tmp_s_fu_204">
<pin_list>
<pin id="205" dir="0" index="0" bw="32" slack="0"/>
<pin id="206" dir="0" index="1" bw="256" slack="0"/>
<pin id="207" dir="0" index="2" bw="8" slack="0"/>
<pin id="208" dir="0" index="3" bw="8" slack="0"/>
<pin id="209" dir="1" index="4" bw="32" slack="2"/>
</pin_list>
<bind>
<opcode="partselect(1002) " fcode="partselect"/>
<opset="tmp_s/1 "/>
</bind>
</comp>

<comp id="214" class="1004" name="tmp_5_fu_214">
<pin_list>
<pin id="215" dir="0" index="0" bw="32" slack="0"/>
<pin id="216" dir="0" index="1" bw="256" slack="0"/>
<pin id="217" dir="0" index="2" bw="8" slack="0"/>
<pin id="218" dir="0" index="3" bw="8" slack="0"/>
<pin id="219" dir="1" index="4" bw="32" slack="2"/>
</pin_list>
<bind>
<opcode="partselect(1002) " fcode="partselect"/>
<opset="tmp_5/1 "/>
</bind>
</comp>

<comp id="224" class="1004" name="tmp_10_fu_224">
<pin_list>
<pin id="225" dir="0" index="0" bw="32" slack="0"/>
<pin id="226" dir="0" index="1" bw="256" slack="0"/>
<pin id="227" dir="0" index="2" bw="8" slack="0"/>
<pin id="228" dir="0" index="3" bw="8" slack="0"/>
<pin id="229" dir="1" index="4" bw="32" slack="2"/>
</pin_list>
<bind>
<opcode="partselect(1002) " fcode="partselect"/>
<opset="tmp_10/1 "/>
</bind>
</comp>

<comp id="234" class="1004" name="tmp_11_fu_234">
<pin_list>
<pin id="235" dir="0" index="0" bw="32" slack="0"/>
<pin id="236" dir="0" index="1" bw="256" slack="0"/>
<pin id="237" dir="0" index="2" bw="8" slack="0"/>
<pin id="238" dir="0" index="3" bw="8" slack="0"/>
<pin id="239" dir="1" index="4" bw="32" slack="2"/>
</pin_list>
<bind>
<opcode="partselect(1002) " fcode="partselect"/>
<opset="tmp_11/1 "/>
</bind>
</comp>

<comp id="244" class="1004" name="tmp_12_fu_244">
<pin_list>
<pin id="245" dir="0" index="0" bw="32" slack="0"/>
<pin id="246" dir="0" index="1" bw="256" slack="0"/>
<pin id="247" dir="0" index="2" bw="8" slack="0"/>
<pin id="248" dir="0" index="3" bw="8" slack="0"/>
<pin id="249" dir="1" index="4" bw="32" slack="2"/>
</pin_list>
<bind>
<opcode="partselect(1002) " fcode="partselect"/>
<opset="tmp_12/1 "/>
</bind>
</comp>

<comp id="254" class="1004" name="tmp_13_fu_254">
<pin_list>
<pin id="255" dir="0" index="0" bw="32" slack="0"/>
<pin id="256" dir="0" index="1" bw="256" slack="0"/>
<pin id="257" dir="0" index="2" bw="8" slack="0"/>
<pin id="258" dir="0" index="3" bw="8" slack="0"/>
<pin id="259" dir="1" index="4" bw="32" slack="2"/>
</pin_list>
<bind>
<opcode="partselect(1002) " fcode="partselect"/>
<opset="tmp_13/1 "/>
</bind>
</comp>

<comp id="264" class="1004" name="tmp_14_fu_264">
<pin_list>
<pin id="265" dir="0" index="0" bw="32" slack="0"/>
<pin id="266" dir="0" index="1" bw="256" slack="0"/>
<pin id="267" dir="0" index="2" bw="8" slack="0"/>
<pin id="268" dir="0" index="3" bw="8" slack="0"/>
<pin id="269" dir="1" index="4" bw="32" slack="2"/>
</pin_list>
<bind>
<opcode="partselect(1002) " fcode="partselect"/>
<opset="tmp_14/1 "/>
</bind>
</comp>

<comp id="274" class="1004" name="tmp_15_fu_274">
<pin_list>
<pin id="275" dir="0" index="0" bw="32" slack="0"/>
<pin id="276" dir="0" index="1" bw="256" slack="0"/>
<pin id="277" dir="0" index="2" bw="8" slack="0"/>
<pin id="278" dir="0" index="3" bw="8" slack="0"/>
<pin id="279" dir="1" index="4" bw="32" slack="2"/>
</pin_list>
<bind>
<opcode="partselect(1002) " fcode="partselect"/>
<opset="tmp_15/1 "/>
</bind>
</comp>

<comp id="284" class="1004" name="tmp_16_fu_284">
<pin_list>
<pin id="285" dir="0" index="0" bw="32" slack="0"/>
<pin id="286" dir="0" index="1" bw="256" slack="0"/>
<pin id="287" dir="0" index="2" bw="9" slack="0"/>
<pin id="288" dir="0" index="3" bw="9" slack="0"/>
<pin id="289" dir="1" index="4" bw="32" slack="2"/>
</pin_list>
<bind>
<opcode="partselect(1002) " fcode="partselect"/>
<opset="tmp_16/1 "/>
</bind>
</comp>

<comp id="294" class="1004" name="tmp_17_fu_294">
<pin_list>
<pin id="295" dir="0" index="0" bw="32" slack="0"/>
<pin id="296" dir="0" index="1" bw="256" slack="0"/>
<pin id="297" dir="0" index="2" bw="9" slack="0"/>
<pin id="298" dir="0" index="3" bw="9" slack="0"/>
<pin id="299" dir="1" index="4" bw="32" slack="2"/>
</pin_list>
<bind>
<opcode="partselect(1002) " fcode="partselect"/>
<opset="tmp_17/1 "/>
</bind>
</comp>

<comp id="304" class="1004" name="tmp_18_fu_304">
<pin_list>
<pin id="305" dir="0" index="0" bw="32" slack="0"/>
<pin id="306" dir="0" index="1" bw="256" slack="0"/>
<pin id="307" dir="0" index="2" bw="9" slack="0"/>
<pin id="308" dir="0" index="3" bw="9" slack="0"/>
<pin id="309" dir="1" index="4" bw="32" slack="2"/>
</pin_list>
<bind>
<opcode="partselect(1002) " fcode="partselect"/>
<opset="tmp_18/1 "/>
</bind>
</comp>

<comp id="314" class="1004" name="tmp_19_fu_314">
<pin_list>
<pin id="315" dir="0" index="0" bw="32" slack="0"/>
<pin id="316" dir="0" index="1" bw="256" slack="0"/>
<pin id="317" dir="0" index="2" bw="9" slack="0"/>
<pin id="318" dir="0" index="3" bw="9" slack="0"/>
<pin id="319" dir="1" index="4" bw="32" slack="2"/>
</pin_list>
<bind>
<opcode="partselect(1002) " fcode="partselect"/>
<opset="tmp_19/1 "/>
</bind>
</comp>

<comp id="324" class="1004" name="tmp_20_fu_324">
<pin_list>
<pin id="325" dir="0" index="0" bw="32" slack="0"/>
<pin id="326" dir="0" index="1" bw="256" slack="0"/>
<pin id="327" dir="0" index="2" bw="9" slack="0"/>
<pin id="328" dir="0" index="3" bw="9" slack="0"/>
<pin id="329" dir="1" index="4" bw="32" slack="2"/>
</pin_list>
<bind>
<opcode="partselect(1002) " fcode="partselect"/>
<opset="tmp_20/1 "/>
</bind>
</comp>

<comp id="334" class="1004" name="tmp_21_fu_334">
<pin_list>
<pin id="335" dir="0" index="0" bw="32" slack="0"/>
<pin id="336" dir="0" index="1" bw="256" slack="0"/>
<pin id="337" dir="0" index="2" bw="9" slack="0"/>
<pin id="338" dir="0" index="3" bw="9" slack="0"/>
<pin id="339" dir="1" index="4" bw="32" slack="2"/>
</pin_list>
<bind>
<opcode="partselect(1002) " fcode="partselect"/>
<opset="tmp_21/1 "/>
</bind>
</comp>

<comp id="344" class="1004" name="tmp_22_fu_344">
<pin_list>
<pin id="345" dir="0" index="0" bw="32" slack="0"/>
<pin id="346" dir="0" index="1" bw="256" slack="0"/>
<pin id="347" dir="0" index="2" bw="9" slack="0"/>
<pin id="348" dir="0" index="3" bw="9" slack="0"/>
<pin id="349" dir="1" index="4" bw="32" slack="2"/>
</pin_list>
<bind>
<opcode="partselect(1002) " fcode="partselect"/>
<opset="tmp_22/1 "/>
</bind>
</comp>

<comp id="354" class="1004" name="tmp_23_fu_354">
<pin_list>
<pin id="355" dir="0" index="0" bw="32" slack="0"/>
<pin id="356" dir="0" index="1" bw="256" slack="0"/>
<pin id="357" dir="0" index="2" bw="9" slack="0"/>
<pin id="358" dir="0" index="3" bw="9" slack="0"/>
<pin id="359" dir="1" index="4" bw="32" slack="2"/>
</pin_list>
<bind>
<opcode="partselect(1002) " fcode="partselect"/>
<opset="tmp_23/1 "/>
</bind>
</comp>

<comp id="364" class="1004" name="tmp_24_fu_364">
<pin_list>
<pin id="365" dir="0" index="0" bw="32" slack="0"/>
<pin id="366" dir="0" index="1" bw="256" slack="0"/>
<pin id="367" dir="0" index="2" bw="9" slack="0"/>
<pin id="368" dir="0" index="3" bw="9" slack="0"/>
<pin id="369" dir="1" index="4" bw="32" slack="2"/>
</pin_list>
<bind>
<opcode="partselect(1002) " fcode="partselect"/>
<opset="tmp_24/1 "/>
</bind>
</comp>

<comp id="374" class="1004" name="tmp_25_fu_374">
<pin_list>
<pin id="375" dir="0" index="0" bw="32" slack="0"/>
<pin id="376" dir="0" index="1" bw="256" slack="0"/>
<pin id="377" dir="0" index="2" bw="9" slack="0"/>
<pin id="378" dir="0" index="3" bw="9" slack="0"/>
<pin id="379" dir="1" index="4" bw="32" slack="2"/>
</pin_list>
<bind>
<opcode="partselect(1002) " fcode="partselect"/>
<opset="tmp_25/1 "/>
</bind>
</comp>

<comp id="384" class="1004" name="tmp_26_fu_384">
<pin_list>
<pin id="385" dir="0" index="0" bw="32" slack="0"/>
<pin id="386" dir="0" index="1" bw="256" slack="0"/>
<pin id="387" dir="0" index="2" bw="9" slack="0"/>
<pin id="388" dir="0" index="3" bw="9" slack="0"/>
<pin id="389" dir="1" index="4" bw="32" slack="2"/>
</pin_list>
<bind>
<opcode="partselect(1002) " fcode="partselect"/>
<opset="tmp_26/1 "/>
</bind>
</comp>

<comp id="394" class="1004" name="tmp_27_fu_394">
<pin_list>
<pin id="395" dir="0" index="0" bw="32" slack="0"/>
<pin id="396" dir="0" index="1" bw="256" slack="0"/>
<pin id="397" dir="0" index="2" bw="9" slack="0"/>
<pin id="398" dir="0" index="3" bw="9" slack="0"/>
<pin id="399" dir="1" index="4" bw="32" slack="2"/>
</pin_list>
<bind>
<opcode="partselect(1002) " fcode="partselect"/>
<opset="tmp_27/1 "/>
</bind>
</comp>

<comp id="404" class="1004" name="tmp_28_fu_404">
<pin_list>
<pin id="405" dir="0" index="0" bw="32" slack="0"/>
<pin id="406" dir="0" index="1" bw="256" slack="0"/>
<pin id="407" dir="0" index="2" bw="9" slack="0"/>
<pin id="408" dir="0" index="3" bw="9" slack="0"/>
<pin id="409" dir="1" index="4" bw="32" slack="2"/>
</pin_list>
<bind>
<opcode="partselect(1002) " fcode="partselect"/>
<opset="tmp_28/1 "/>
</bind>
</comp>

<comp id="414" class="1004" name="tmp_29_fu_414">
<pin_list>
<pin id="415" dir="0" index="0" bw="32" slack="0"/>
<pin id="416" dir="0" index="1" bw="256" slack="0"/>
<pin id="417" dir="0" index="2" bw="9" slack="0"/>
<pin id="418" dir="0" index="3" bw="9" slack="0"/>
<pin id="419" dir="1" index="4" bw="32" slack="2"/>
</pin_list>
<bind>
<opcode="partselect(1002) " fcode="partselect"/>
<opset="tmp_29/1 "/>
</bind>
</comp>

<comp id="424" class="1004" name="tmp_30_fu_424">
<pin_list>
<pin id="425" dir="0" index="0" bw="32" slack="0"/>
<pin id="426" dir="0" index="1" bw="256" slack="0"/>
<pin id="427" dir="0" index="2" bw="9" slack="0"/>
<pin id="428" dir="0" index="3" bw="9" slack="0"/>
<pin id="429" dir="1" index="4" bw="32" slack="2"/>
</pin_list>
<bind>
<opcode="partselect(1002) " fcode="partselect"/>
<opset="tmp_30/1 "/>
</bind>
</comp>

<comp id="434" class="1004" name="tmp_31_fu_434">
<pin_list>
<pin id="435" dir="0" index="0" bw="32" slack="0"/>
<pin id="436" dir="0" index="1" bw="256" slack="0"/>
<pin id="437" dir="0" index="2" bw="9" slack="0"/>
<pin id="438" dir="0" index="3" bw="9" slack="0"/>
<pin id="439" dir="1" index="4" bw="32" slack="2"/>
</pin_list>
<bind>
<opcode="partselect(1002) " fcode="partselect"/>
<opset="tmp_31/1 "/>
</bind>
</comp>

<comp id="444" class="1004" name="sum_cast_fu_444">
<pin_list>
<pin id="445" dir="0" index="0" bw="26" slack="1"/>
<pin id="446" dir="1" index="1" bw="64" slack="0"/>
</pin_list>
<bind>
<opcode="zext(34) " fcode="zext"/>
<opset="sum_cast/2 "/>
</bind>
</comp>

<comp id="447" class="1004" name="input01_V_addr_fu_447">
<pin_list>
<pin id="448" dir="0" index="0" bw="1024" slack="0"/>
<pin id="449" dir="0" index="1" bw="26" slack="0"/>
<pin id="450" dir="1" index="2" bw="1024" slack="0"/>
</pin_list>
<bind>
<opcode="getelementptr(29) " fcode="getelementptr"/>
<opset="input01_V_addr/2 "/>
</bind>
</comp>

<comp id="454" class="1004" name="tmp_32_fu_454">
<pin_list>
<pin id="455" dir="0" index="0" bw="1024" slack="0"/>
<pin id="456" dir="0" index="1" bw="32" slack="2"/>
<pin id="457" dir="0" index="2" bw="32" slack="2"/>
<pin id="458" dir="0" index="3" bw="32" slack="2"/>
<pin id="459" dir="0" index="4" bw="32" slack="2"/>
<pin id="460" dir="0" index="5" bw="32" slack="2"/>
<pin id="461" dir="0" index="6" bw="32" slack="2"/>
<pin id="462" dir="0" index="7" bw="32" slack="2"/>
<pin id="463" dir="0" index="8" bw="32" slack="2"/>
<pin id="464" dir="0" index="9" bw="32" slack="2"/>
<pin id="465" dir="0" index="10" bw="32" slack="2"/>
<pin id="466" dir="0" index="11" bw="32" slack="2"/>
<pin id="467" dir="0" index="12" bw="32" slack="2"/>
<pin id="468" dir="0" index="13" bw="32" slack="2"/>
<pin id="469" dir="0" index="14" bw="32" slack="2"/>
<pin id="470" dir="0" index="15" bw="32" slack="2"/>
<pin id="471" dir="0" index="16" bw="32" slack="2"/>
<pin id="472" dir="0" index="17" bw="32" slack="2"/>
<pin id="473" dir="0" index="18" bw="32" slack="2"/>
<pin id="474" dir="0" index="19" bw="32" slack="2"/>
<pin id="475" dir="0" index="20" bw="32" slack="2"/>
<pin id="476" dir="0" index="21" bw="32" slack="2"/>
<pin id="477" dir="0" index="22" bw="32" slack="2"/>
<pin id="478" dir="0" index="23" bw="32" slack="2"/>
<pin id="479" dir="0" index="24" bw="32" slack="2"/>
<pin id="480" dir="0" index="25" bw="32" slack="2"/>
<pin id="481" dir="0" index="26" bw="32" slack="2"/>
<pin id="482" dir="0" index="27" bw="32" slack="2"/>
<pin id="483" dir="0" index="28" bw="32" slack="2"/>
<pin id="484" dir="0" index="29" bw="32" slack="2"/>
<pin id="485" dir="0" index="30" bw="32" slack="2"/>
<pin id="486" dir="0" index="31" bw="32" slack="2"/>
<pin id="487" dir="0" index="32" bw="32" slack="2"/>
<pin id="488" dir="1" index="33" bw="1024" slack="0"/>
</pin_list>
<bind>
<opcode="bitconcatenate(1004) " fcode="bitconcatenate"/>
<opset="tmp_32/3 "/>
</bind>
</comp>

<comp id="491" class="1005" name="tmp_reg_491">
<pin_list>
<pin id="492" dir="0" index="0" bw="32" slack="2"/>
<pin id="493" dir="1" index="1" bw="32" slack="2"/>
</pin_list>
<bind>
<opset="tmp "/>
</bind>
</comp>

<comp id="496" class="1005" name="tmp_1_reg_496">
<pin_list>
<pin id="497" dir="0" index="0" bw="32" slack="2"/>
<pin id="498" dir="1" index="1" bw="32" slack="2"/>
</pin_list>
<bind>
<opset="tmp_1 "/>
</bind>
</comp>

<comp id="501" class="1005" name="tmp_2_reg_501">
<pin_list>
<pin id="502" dir="0" index="0" bw="32" slack="2"/>
<pin id="503" dir="1" index="1" bw="32" slack="2"/>
</pin_list>
<bind>
<opset="tmp_2 "/>
</bind>
</comp>

<comp id="506" class="1005" name="tmp_3_reg_506">
<pin_list>
<pin id="507" dir="0" index="0" bw="32" slack="2"/>
<pin id="508" dir="1" index="1" bw="32" slack="2"/>
</pin_list>
<bind>
<opset="tmp_3 "/>
</bind>
</comp>

<comp id="511" class="1005" name="sum_reg_511">
<pin_list>
<pin id="512" dir="0" index="0" bw="26" slack="1"/>
<pin id="513" dir="1" index="1" bw="26" slack="1"/>
</pin_list>
<bind>
<opset="sum "/>
</bind>
</comp>

<comp id="516" class="1005" name="tmp_6_reg_516">
<pin_list>
<pin id="517" dir="0" index="0" bw="32" slack="2"/>
<pin id="518" dir="1" index="1" bw="32" slack="2"/>
</pin_list>
<bind>
<opset="tmp_6 "/>
</bind>
</comp>

<comp id="521" class="1005" name="tmp_7_reg_521">
<pin_list>
<pin id="522" dir="0" index="0" bw="32" slack="2"/>
<pin id="523" dir="1" index="1" bw="32" slack="2"/>
</pin_list>
<bind>
<opset="tmp_7 "/>
</bind>
</comp>

<comp id="526" class="1005" name="tmp_8_reg_526">
<pin_list>
<pin id="527" dir="0" index="0" bw="32" slack="2"/>
<pin id="528" dir="1" index="1" bw="32" slack="2"/>
</pin_list>
<bind>
<opset="tmp_8 "/>
</bind>
</comp>

<comp id="531" class="1005" name="tmp_9_reg_531">
<pin_list>
<pin id="532" dir="0" index="0" bw="32" slack="2"/>
<pin id="533" dir="1" index="1" bw="32" slack="2"/>
</pin_list>
<bind>
<opset="tmp_9 "/>
</bind>
</comp>

<comp id="536" class="1005" name="tmp_s_reg_536">
<pin_list>
<pin id="537" dir="0" index="0" bw="32" slack="2"/>
<pin id="538" dir="1" index="1" bw="32" slack="2"/>
</pin_list>
<bind>
<opset="tmp_s "/>
</bind>
</comp>

<comp id="541" class="1005" name="tmp_5_reg_541">
<pin_list>
<pin id="542" dir="0" index="0" bw="32" slack="2"/>
<pin id="543" dir="1" index="1" bw="32" slack="2"/>
</pin_list>
<bind>
<opset="tmp_5 "/>
</bind>
</comp>

<comp id="546" class="1005" name="tmp_10_reg_546">
<pin_list>
<pin id="547" dir="0" index="0" bw="32" slack="2"/>
<pin id="548" dir="1" index="1" bw="32" slack="2"/>
</pin_list>
<bind>
<opset="tmp_10 "/>
</bind>
</comp>

<comp id="551" class="1005" name="tmp_11_reg_551">
<pin_list>
<pin id="552" dir="0" index="0" bw="32" slack="2"/>
<pin id="553" dir="1" index="1" bw="32" slack="2"/>
</pin_list>
<bind>
<opset="tmp_11 "/>
</bind>
</comp>

<comp id="556" class="1005" name="tmp_12_reg_556">
<pin_list>
<pin id="557" dir="0" index="0" bw="32" slack="2"/>
<pin id="558" dir="1" index="1" bw="32" slack="2"/>
</pin_list>
<bind>
<opset="tmp_12 "/>
</bind>
</comp>

<comp id="561" class="1005" name="tmp_13_reg_561">
<pin_list>
<pin id="562" dir="0" index="0" bw="32" slack="2"/>
<pin id="563" dir="1" index="1" bw="32" slack="2"/>
</pin_list>
<bind>
<opset="tmp_13 "/>
</bind>
</comp>

<comp id="566" class="1005" name="tmp_14_reg_566">
<pin_list>
<pin id="567" dir="0" index="0" bw="32" slack="2"/>
<pin id="568" dir="1" index="1" bw="32" slack="2"/>
</pin_list>
<bind>
<opset="tmp_14 "/>
</bind>
</comp>

<comp id="571" class="1005" name="tmp_15_reg_571">
<pin_list>
<pin id="572" dir="0" index="0" bw="32" slack="2"/>
<pin id="573" dir="1" index="1" bw="32" slack="2"/>
</pin_list>
<bind>
<opset="tmp_15 "/>
</bind>
</comp>

<comp id="576" class="1005" name="tmp_16_reg_576">
<pin_list>
<pin id="577" dir="0" index="0" bw="32" slack="2"/>
<pin id="578" dir="1" index="1" bw="32" slack="2"/>
</pin_list>
<bind>
<opset="tmp_16 "/>
</bind>
</comp>

<comp id="581" class="1005" name="tmp_17_reg_581">
<pin_list>
<pin id="582" dir="0" index="0" bw="32" slack="2"/>
<pin id="583" dir="1" index="1" bw="32" slack="2"/>
</pin_list>
<bind>
<opset="tmp_17 "/>
</bind>
</comp>

<comp id="586" class="1005" name="tmp_18_reg_586">
<pin_list>
<pin id="587" dir="0" index="0" bw="32" slack="2"/>
<pin id="588" dir="1" index="1" bw="32" slack="2"/>
</pin_list>
<bind>
<opset="tmp_18 "/>
</bind>
</comp>

<comp id="591" class="1005" name="tmp_19_reg_591">
<pin_list>
<pin id="592" dir="0" index="0" bw="32" slack="2"/>
<pin id="593" dir="1" index="1" bw="32" slack="2"/>
</pin_list>
<bind>
<opset="tmp_19 "/>
</bind>
</comp>

<comp id="596" class="1005" name="tmp_20_reg_596">
<pin_list>
<pin id="597" dir="0" index="0" bw="32" slack="2"/>
<pin id="598" dir="1" index="1" bw="32" slack="2"/>
</pin_list>
<bind>
<opset="tmp_20 "/>
</bind>
</comp>

<comp id="601" class="1005" name="tmp_21_reg_601">
<pin_list>
<pin id="602" dir="0" index="0" bw="32" slack="2"/>
<pin id="603" dir="1" index="1" bw="32" slack="2"/>
</pin_list>
<bind>
<opset="tmp_21 "/>
</bind>
</comp>

<comp id="606" class="1005" name="tmp_22_reg_606">
<pin_list>
<pin id="607" dir="0" index="0" bw="32" slack="2"/>
<pin id="608" dir="1" index="1" bw="32" slack="2"/>
</pin_list>
<bind>
<opset="tmp_22 "/>
</bind>
</comp>

<comp id="611" class="1005" name="tmp_23_reg_611">
<pin_list>
<pin id="612" dir="0" index="0" bw="32" slack="2"/>
<pin id="613" dir="1" index="1" bw="32" slack="2"/>
</pin_list>
<bind>
<opset="tmp_23 "/>
</bind>
</comp>

<comp id="616" class="1005" name="tmp_24_reg_616">
<pin_list>
<pin id="617" dir="0" index="0" bw="32" slack="2"/>
<pin id="618" dir="1" index="1" bw="32" slack="2"/>
</pin_list>
<bind>
<opset="tmp_24 "/>
</bind>
</comp>

<comp id="621" class="1005" name="tmp_25_reg_621">
<pin_list>
<pin id="622" dir="0" index="0" bw="32" slack="2"/>
<pin id="623" dir="1" index="1" bw="32" slack="2"/>
</pin_list>
<bind>
<opset="tmp_25 "/>
</bind>
</comp>

<comp id="626" class="1005" name="tmp_26_reg_626">
<pin_list>
<pin id="627" dir="0" index="0" bw="32" slack="2"/>
<pin id="628" dir="1" index="1" bw="32" slack="2"/>
</pin_list>
<bind>
<opset="tmp_26 "/>
</bind>
</comp>

<comp id="631" class="1005" name="tmp_27_reg_631">
<pin_list>
<pin id="632" dir="0" index="0" bw="32" slack="2"/>
<pin id="633" dir="1" index="1" bw="32" slack="2"/>
</pin_list>
<bind>
<opset="tmp_27 "/>
</bind>
</comp>

<comp id="636" class="1005" name="tmp_28_reg_636">
<pin_list>
<pin id="637" dir="0" index="0" bw="32" slack="2"/>
<pin id="638" dir="1" index="1" bw="32" slack="2"/>
</pin_list>
<bind>
<opset="tmp_28 "/>
</bind>
</comp>

<comp id="641" class="1005" name="tmp_29_reg_641">
<pin_list>
<pin id="642" dir="0" index="0" bw="32" slack="2"/>
<pin id="643" dir="1" index="1" bw="32" slack="2"/>
</pin_list>
<bind>
<opset="tmp_29 "/>
</bind>
</comp>

<comp id="646" class="1005" name="tmp_30_reg_646">
<pin_list>
<pin id="647" dir="0" index="0" bw="32" slack="2"/>
<pin id="648" dir="1" index="1" bw="32" slack="2"/>
</pin_list>
<bind>
<opset="tmp_30 "/>
</bind>
</comp>

<comp id="651" class="1005" name="tmp_31_reg_651">
<pin_list>
<pin id="652" dir="0" index="0" bw="32" slack="2"/>
<pin id="653" dir="1" index="1" bw="32" slack="2"/>
</pin_list>
<bind>
<opset="tmp_31 "/>
</bind>
</comp>

<comp id="656" class="1005" name="input01_V_addr_reg_656">
<pin_list>
<pin id="657" dir="0" index="0" bw="1024" slack="1"/>
<pin id="658" dir="1" index="1" bw="1024" slack="1"/>
</pin_list>
<bind>
<opset="input01_V_addr "/>
</bind>
</comp>

</comp_list>

<net_list>
<net id="82"><net_src comp="14" pin="0"/><net_sink comp="78" pin=0"/></net>

<net id="83"><net_src comp="12" pin="0"/><net_sink comp="78" pin=1"/></net>

<net id="88"><net_src comp="16" pin="0"/><net_sink comp="84" pin=0"/></net>

<net id="89"><net_src comp="8" pin="0"/><net_sink comp="84" pin=1"/></net>

<net id="94"><net_src comp="16" pin="0"/><net_sink comp="90" pin=0"/></net>

<net id="95"><net_src comp="6" pin="0"/><net_sink comp="90" pin=1"/></net>

<net id="100"><net_src comp="16" pin="0"/><net_sink comp="96" pin=0"/></net>

<net id="101"><net_src comp="4" pin="0"/><net_sink comp="96" pin=1"/></net>

<net id="106"><net_src comp="16" pin="0"/><net_sink comp="102" pin=0"/></net>

<net id="107"><net_src comp="2" pin="0"/><net_sink comp="102" pin=1"/></net>

<net id="112"><net_src comp="18" pin="0"/><net_sink comp="108" pin=0"/></net>

<net id="113"><net_src comp="0" pin="0"/><net_sink comp="108" pin=1"/></net>

<net id="119"><net_src comp="50" pin="0"/><net_sink comp="114" pin=0"/></net>

<net id="120"><net_src comp="52" pin="0"/><net_sink comp="114" pin=2"/></net>

<net id="127"><net_src comp="56" pin="0"/><net_sink comp="121" pin=0"/></net>

<net id="128"><net_src comp="58" pin="0"/><net_sink comp="121" pin=3"/></net>

<net id="129"><net_src comp="60" pin="0"/><net_sink comp="114" pin=0"/></net>

<net id="133"><net_src comp="96" pin="2"/><net_sink comp="130" pin=0"/></net>

<net id="137"><net_src comp="90" pin="2"/><net_sink comp="134" pin=0"/></net>

<net id="141"><net_src comp="84" pin="2"/><net_sink comp="138" pin=0"/></net>

<net id="145"><net_src comp="102" pin="2"/><net_sink comp="142" pin=0"/></net>

<net id="149"><net_src comp="108" pin="2"/><net_sink comp="146" pin=0"/></net>

<net id="153"><net_src comp="146" pin="1"/><net_sink comp="150" pin=0"/></net>

<net id="157"><net_src comp="78" pin="2"/><net_sink comp="154" pin=0"/></net>

<net id="162"><net_src comp="154" pin="1"/><net_sink comp="158" pin=0"/></net>

<net id="163"><net_src comp="150" pin="1"/><net_sink comp="158" pin=1"/></net>

<net id="170"><net_src comp="20" pin="0"/><net_sink comp="164" pin=0"/></net>

<net id="171"><net_src comp="96" pin="2"/><net_sink comp="164" pin=1"/></net>

<net id="172"><net_src comp="22" pin="0"/><net_sink comp="164" pin=2"/></net>

<net id="173"><net_src comp="24" pin="0"/><net_sink comp="164" pin=3"/></net>

<net id="180"><net_src comp="20" pin="0"/><net_sink comp="174" pin=0"/></net>

<net id="181"><net_src comp="90" pin="2"/><net_sink comp="174" pin=1"/></net>

<net id="182"><net_src comp="22" pin="0"/><net_sink comp="174" pin=2"/></net>

<net id="183"><net_src comp="24" pin="0"/><net_sink comp="174" pin=3"/></net>

<net id="190"><net_src comp="20" pin="0"/><net_sink comp="184" pin=0"/></net>

<net id="191"><net_src comp="84" pin="2"/><net_sink comp="184" pin=1"/></net>

<net id="192"><net_src comp="22" pin="0"/><net_sink comp="184" pin=2"/></net>

<net id="193"><net_src comp="24" pin="0"/><net_sink comp="184" pin=3"/></net>

<net id="200"><net_src comp="20" pin="0"/><net_sink comp="194" pin=0"/></net>

<net id="201"><net_src comp="102" pin="2"/><net_sink comp="194" pin=1"/></net>

<net id="202"><net_src comp="22" pin="0"/><net_sink comp="194" pin=2"/></net>

<net id="203"><net_src comp="24" pin="0"/><net_sink comp="194" pin=3"/></net>

<net id="210"><net_src comp="20" pin="0"/><net_sink comp="204" pin=0"/></net>

<net id="211"><net_src comp="96" pin="2"/><net_sink comp="204" pin=1"/></net>

<net id="212"><net_src comp="26" pin="0"/><net_sink comp="204" pin=2"/></net>

<net id="213"><net_src comp="28" pin="0"/><net_sink comp="204" pin=3"/></net>

<net id="220"><net_src comp="20" pin="0"/><net_sink comp="214" pin=0"/></net>

<net id="221"><net_src comp="90" pin="2"/><net_sink comp="214" pin=1"/></net>

<net id="222"><net_src comp="26" pin="0"/><net_sink comp="214" pin=2"/></net>

<net id="223"><net_src comp="28" pin="0"/><net_sink comp="214" pin=3"/></net>

<net id="230"><net_src comp="20" pin="0"/><net_sink comp="224" pin=0"/></net>

<net id="231"><net_src comp="84" pin="2"/><net_sink comp="224" pin=1"/></net>

<net id="232"><net_src comp="26" pin="0"/><net_sink comp="224" pin=2"/></net>

<net id="233"><net_src comp="28" pin="0"/><net_sink comp="224" pin=3"/></net>

<net id="240"><net_src comp="20" pin="0"/><net_sink comp="234" pin=0"/></net>

<net id="241"><net_src comp="102" pin="2"/><net_sink comp="234" pin=1"/></net>

<net id="242"><net_src comp="26" pin="0"/><net_sink comp="234" pin=2"/></net>

<net id="243"><net_src comp="28" pin="0"/><net_sink comp="234" pin=3"/></net>

<net id="250"><net_src comp="20" pin="0"/><net_sink comp="244" pin=0"/></net>

<net id="251"><net_src comp="96" pin="2"/><net_sink comp="244" pin=1"/></net>

<net id="252"><net_src comp="30" pin="0"/><net_sink comp="244" pin=2"/></net>

<net id="253"><net_src comp="32" pin="0"/><net_sink comp="244" pin=3"/></net>

<net id="260"><net_src comp="20" pin="0"/><net_sink comp="254" pin=0"/></net>

<net id="261"><net_src comp="90" pin="2"/><net_sink comp="254" pin=1"/></net>

<net id="262"><net_src comp="30" pin="0"/><net_sink comp="254" pin=2"/></net>

<net id="263"><net_src comp="32" pin="0"/><net_sink comp="254" pin=3"/></net>

<net id="270"><net_src comp="20" pin="0"/><net_sink comp="264" pin=0"/></net>

<net id="271"><net_src comp="84" pin="2"/><net_sink comp="264" pin=1"/></net>

<net id="272"><net_src comp="30" pin="0"/><net_sink comp="264" pin=2"/></net>

<net id="273"><net_src comp="32" pin="0"/><net_sink comp="264" pin=3"/></net>

<net id="280"><net_src comp="20" pin="0"/><net_sink comp="274" pin=0"/></net>

<net id="281"><net_src comp="102" pin="2"/><net_sink comp="274" pin=1"/></net>

<net id="282"><net_src comp="30" pin="0"/><net_sink comp="274" pin=2"/></net>

<net id="283"><net_src comp="32" pin="0"/><net_sink comp="274" pin=3"/></net>

<net id="290"><net_src comp="20" pin="0"/><net_sink comp="284" pin=0"/></net>

<net id="291"><net_src comp="96" pin="2"/><net_sink comp="284" pin=1"/></net>

<net id="292"><net_src comp="34" pin="0"/><net_sink comp="284" pin=2"/></net>

<net id="293"><net_src comp="36" pin="0"/><net_sink comp="284" pin=3"/></net>

<net id="300"><net_src comp="20" pin="0"/><net_sink comp="294" pin=0"/></net>

<net id="301"><net_src comp="90" pin="2"/><net_sink comp="294" pin=1"/></net>

<net id="302"><net_src comp="34" pin="0"/><net_sink comp="294" pin=2"/></net>

<net id="303"><net_src comp="36" pin="0"/><net_sink comp="294" pin=3"/></net>

<net id="310"><net_src comp="20" pin="0"/><net_sink comp="304" pin=0"/></net>

<net id="311"><net_src comp="84" pin="2"/><net_sink comp="304" pin=1"/></net>

<net id="312"><net_src comp="34" pin="0"/><net_sink comp="304" pin=2"/></net>

<net id="313"><net_src comp="36" pin="0"/><net_sink comp="304" pin=3"/></net>

<net id="320"><net_src comp="20" pin="0"/><net_sink comp="314" pin=0"/></net>

<net id="321"><net_src comp="102" pin="2"/><net_sink comp="314" pin=1"/></net>

<net id="322"><net_src comp="34" pin="0"/><net_sink comp="314" pin=2"/></net>

<net id="323"><net_src comp="36" pin="0"/><net_sink comp="314" pin=3"/></net>

<net id="330"><net_src comp="20" pin="0"/><net_sink comp="324" pin=0"/></net>

<net id="331"><net_src comp="96" pin="2"/><net_sink comp="324" pin=1"/></net>

<net id="332"><net_src comp="38" pin="0"/><net_sink comp="324" pin=2"/></net>

<net id="333"><net_src comp="40" pin="0"/><net_sink comp="324" pin=3"/></net>

<net id="340"><net_src comp="20" pin="0"/><net_sink comp="334" pin=0"/></net>

<net id="341"><net_src comp="90" pin="2"/><net_sink comp="334" pin=1"/></net>

<net id="342"><net_src comp="38" pin="0"/><net_sink comp="334" pin=2"/></net>

<net id="343"><net_src comp="40" pin="0"/><net_sink comp="334" pin=3"/></net>

<net id="350"><net_src comp="20" pin="0"/><net_sink comp="344" pin=0"/></net>

<net id="351"><net_src comp="84" pin="2"/><net_sink comp="344" pin=1"/></net>

<net id="352"><net_src comp="38" pin="0"/><net_sink comp="344" pin=2"/></net>

<net id="353"><net_src comp="40" pin="0"/><net_sink comp="344" pin=3"/></net>

<net id="360"><net_src comp="20" pin="0"/><net_sink comp="354" pin=0"/></net>

<net id="361"><net_src comp="102" pin="2"/><net_sink comp="354" pin=1"/></net>

<net id="362"><net_src comp="38" pin="0"/><net_sink comp="354" pin=2"/></net>

<net id="363"><net_src comp="40" pin="0"/><net_sink comp="354" pin=3"/></net>

<net id="370"><net_src comp="20" pin="0"/><net_sink comp="364" pin=0"/></net>

<net id="371"><net_src comp="96" pin="2"/><net_sink comp="364" pin=1"/></net>

<net id="372"><net_src comp="42" pin="0"/><net_sink comp="364" pin=2"/></net>

<net id="373"><net_src comp="44" pin="0"/><net_sink comp="364" pin=3"/></net>

<net id="380"><net_src comp="20" pin="0"/><net_sink comp="374" pin=0"/></net>

<net id="381"><net_src comp="90" pin="2"/><net_sink comp="374" pin=1"/></net>

<net id="382"><net_src comp="42" pin="0"/><net_sink comp="374" pin=2"/></net>

<net id="383"><net_src comp="44" pin="0"/><net_sink comp="374" pin=3"/></net>

<net id="390"><net_src comp="20" pin="0"/><net_sink comp="384" pin=0"/></net>

<net id="391"><net_src comp="84" pin="2"/><net_sink comp="384" pin=1"/></net>

<net id="392"><net_src comp="42" pin="0"/><net_sink comp="384" pin=2"/></net>

<net id="393"><net_src comp="44" pin="0"/><net_sink comp="384" pin=3"/></net>

<net id="400"><net_src comp="20" pin="0"/><net_sink comp="394" pin=0"/></net>

<net id="401"><net_src comp="102" pin="2"/><net_sink comp="394" pin=1"/></net>

<net id="402"><net_src comp="42" pin="0"/><net_sink comp="394" pin=2"/></net>

<net id="403"><net_src comp="44" pin="0"/><net_sink comp="394" pin=3"/></net>

<net id="410"><net_src comp="20" pin="0"/><net_sink comp="404" pin=0"/></net>

<net id="411"><net_src comp="96" pin="2"/><net_sink comp="404" pin=1"/></net>

<net id="412"><net_src comp="46" pin="0"/><net_sink comp="404" pin=2"/></net>

<net id="413"><net_src comp="48" pin="0"/><net_sink comp="404" pin=3"/></net>

<net id="420"><net_src comp="20" pin="0"/><net_sink comp="414" pin=0"/></net>

<net id="421"><net_src comp="90" pin="2"/><net_sink comp="414" pin=1"/></net>

<net id="422"><net_src comp="46" pin="0"/><net_sink comp="414" pin=2"/></net>

<net id="423"><net_src comp="48" pin="0"/><net_sink comp="414" pin=3"/></net>

<net id="430"><net_src comp="20" pin="0"/><net_sink comp="424" pin=0"/></net>

<net id="431"><net_src comp="84" pin="2"/><net_sink comp="424" pin=1"/></net>

<net id="432"><net_src comp="46" pin="0"/><net_sink comp="424" pin=2"/></net>

<net id="433"><net_src comp="48" pin="0"/><net_sink comp="424" pin=3"/></net>

<net id="440"><net_src comp="20" pin="0"/><net_sink comp="434" pin=0"/></net>

<net id="441"><net_src comp="102" pin="2"/><net_sink comp="434" pin=1"/></net>

<net id="442"><net_src comp="46" pin="0"/><net_sink comp="434" pin=2"/></net>

<net id="443"><net_src comp="48" pin="0"/><net_sink comp="434" pin=3"/></net>

<net id="451"><net_src comp="10" pin="0"/><net_sink comp="447" pin=0"/></net>

<net id="452"><net_src comp="444" pin="1"/><net_sink comp="447" pin=1"/></net>

<net id="453"><net_src comp="447" pin="2"/><net_sink comp="114" pin=1"/></net>

<net id="489"><net_src comp="54" pin="0"/><net_sink comp="454" pin=0"/></net>

<net id="490"><net_src comp="454" pin="33"/><net_sink comp="121" pin=2"/></net>

<net id="494"><net_src comp="130" pin="1"/><net_sink comp="491" pin=0"/></net>

<net id="495"><net_src comp="491" pin="1"/><net_sink comp="454" pin=32"/></net>

<net id="499"><net_src comp="134" pin="1"/><net_sink comp="496" pin=0"/></net>

<net id="500"><net_src comp="496" pin="1"/><net_sink comp="454" pin=31"/></net>

<net id="504"><net_src comp="138" pin="1"/><net_sink comp="501" pin=0"/></net>

<net id="505"><net_src comp="501" pin="1"/><net_sink comp="454" pin=30"/></net>

<net id="509"><net_src comp="142" pin="1"/><net_sink comp="506" pin=0"/></net>

<net id="510"><net_src comp="506" pin="1"/><net_sink comp="454" pin=29"/></net>

<net id="514"><net_src comp="158" pin="2"/><net_sink comp="511" pin=0"/></net>

<net id="515"><net_src comp="511" pin="1"/><net_sink comp="444" pin=0"/></net>

<net id="519"><net_src comp="164" pin="4"/><net_sink comp="516" pin=0"/></net>

<net id="520"><net_src comp="516" pin="1"/><net_sink comp="454" pin=28"/></net>

<net id="524"><net_src comp="174" pin="4"/><net_sink comp="521" pin=0"/></net>

<net id="525"><net_src comp="521" pin="1"/><net_sink comp="454" pin=27"/></net>

<net id="529"><net_src comp="184" pin="4"/><net_sink comp="526" pin=0"/></net>

<net id="530"><net_src comp="526" pin="1"/><net_sink comp="454" pin=26"/></net>

<net id="534"><net_src comp="194" pin="4"/><net_sink comp="531" pin=0"/></net>

<net id="535"><net_src comp="531" pin="1"/><net_sink comp="454" pin=25"/></net>

<net id="539"><net_src comp="204" pin="4"/><net_sink comp="536" pin=0"/></net>

<net id="540"><net_src comp="536" pin="1"/><net_sink comp="454" pin=24"/></net>

<net id="544"><net_src comp="214" pin="4"/><net_sink comp="541" pin=0"/></net>

<net id="545"><net_src comp="541" pin="1"/><net_sink comp="454" pin=23"/></net>

<net id="549"><net_src comp="224" pin="4"/><net_sink comp="546" pin=0"/></net>

<net id="550"><net_src comp="546" pin="1"/><net_sink comp="454" pin=22"/></net>

<net id="554"><net_src comp="234" pin="4"/><net_sink comp="551" pin=0"/></net>

<net id="555"><net_src comp="551" pin="1"/><net_sink comp="454" pin=21"/></net>

<net id="559"><net_src comp="244" pin="4"/><net_sink comp="556" pin=0"/></net>

<net id="560"><net_src comp="556" pin="1"/><net_sink comp="454" pin=20"/></net>

<net id="564"><net_src comp="254" pin="4"/><net_sink comp="561" pin=0"/></net>

<net id="565"><net_src comp="561" pin="1"/><net_sink comp="454" pin=19"/></net>

<net id="569"><net_src comp="264" pin="4"/><net_sink comp="566" pin=0"/></net>

<net id="570"><net_src comp="566" pin="1"/><net_sink comp="454" pin=18"/></net>

<net id="574"><net_src comp="274" pin="4"/><net_sink comp="571" pin=0"/></net>

<net id="575"><net_src comp="571" pin="1"/><net_sink comp="454" pin=17"/></net>

<net id="579"><net_src comp="284" pin="4"/><net_sink comp="576" pin=0"/></net>

<net id="580"><net_src comp="576" pin="1"/><net_sink comp="454" pin=16"/></net>

<net id="584"><net_src comp="294" pin="4"/><net_sink comp="581" pin=0"/></net>

<net id="585"><net_src comp="581" pin="1"/><net_sink comp="454" pin=15"/></net>

<net id="589"><net_src comp="304" pin="4"/><net_sink comp="586" pin=0"/></net>

<net id="590"><net_src comp="586" pin="1"/><net_sink comp="454" pin=14"/></net>

<net id="594"><net_src comp="314" pin="4"/><net_sink comp="591" pin=0"/></net>

<net id="595"><net_src comp="591" pin="1"/><net_sink comp="454" pin=13"/></net>

<net id="599"><net_src comp="324" pin="4"/><net_sink comp="596" pin=0"/></net>

<net id="600"><net_src comp="596" pin="1"/><net_sink comp="454" pin=12"/></net>

<net id="604"><net_src comp="334" pin="4"/><net_sink comp="601" pin=0"/></net>

<net id="605"><net_src comp="601" pin="1"/><net_sink comp="454" pin=11"/></net>

<net id="609"><net_src comp="344" pin="4"/><net_sink comp="606" pin=0"/></net>

<net id="610"><net_src comp="606" pin="1"/><net_sink comp="454" pin=10"/></net>

<net id="614"><net_src comp="354" pin="4"/><net_sink comp="611" pin=0"/></net>

<net id="615"><net_src comp="611" pin="1"/><net_sink comp="454" pin=9"/></net>

<net id="619"><net_src comp="364" pin="4"/><net_sink comp="616" pin=0"/></net>

<net id="620"><net_src comp="616" pin="1"/><net_sink comp="454" pin=8"/></net>

<net id="624"><net_src comp="374" pin="4"/><net_sink comp="621" pin=0"/></net>

<net id="625"><net_src comp="621" pin="1"/><net_sink comp="454" pin=7"/></net>

<net id="629"><net_src comp="384" pin="4"/><net_sink comp="626" pin=0"/></net>

<net id="630"><net_src comp="626" pin="1"/><net_sink comp="454" pin=6"/></net>

<net id="634"><net_src comp="394" pin="4"/><net_sink comp="631" pin=0"/></net>

<net id="635"><net_src comp="631" pin="1"/><net_sink comp="454" pin=5"/></net>

<net id="639"><net_src comp="404" pin="4"/><net_sink comp="636" pin=0"/></net>

<net id="640"><net_src comp="636" pin="1"/><net_sink comp="454" pin=4"/></net>

<net id="644"><net_src comp="414" pin="4"/><net_sink comp="641" pin=0"/></net>

<net id="645"><net_src comp="641" pin="1"/><net_sink comp="454" pin=3"/></net>

<net id="649"><net_src comp="424" pin="4"/><net_sink comp="646" pin=0"/></net>

<net id="650"><net_src comp="646" pin="1"/><net_sink comp="454" pin=2"/></net>

<net id="654"><net_src comp="434" pin="4"/><net_sink comp="651" pin=0"/></net>

<net id="655"><net_src comp="651" pin="1"/><net_sink comp="454" pin=1"/></net>

<net id="659"><net_src comp="447" pin="2"/><net_sink comp="656" pin=0"/></net>

<net id="660"><net_src comp="656" pin="1"/><net_sink comp="121" pin=1"/></net>

<net id="661"><net_src comp="656" pin="1"/><net_sink comp="114" pin=1"/></net>

</net_list>

</model> 
---------------- Datapath Model END ------------------

* FSMD analyzer results:
  - Output states:
	Port: input01_V | {2 3 4 5 6 7 8 }
 - Input state : 
	Port: update_outdata : num | {1 }
	Port: update_outdata : V_m_r_read | {1 }
	Port: update_outdata : i_syn_ex_rr_read | {1 }
	Port: update_outdata : i_syn_in_rr_read | {1 }
	Port: update_outdata : r_ref_r_read | {1 }
	Port: update_outdata : input01_V_offset | {1 }
  - Chain level:
	State 1
		tmp_5_cast : 1
		sum : 2
	State 2
		input01_V_addr : 1
		input01_V_addr_req : 2
	State 3
		StgValue_55 : 1
	State 4
	State 5
	State 6
	State 7
	State 8


============================================================
+ Verbose Summary: Datapath Resource usage 
============================================================

* Functional unit list:
|----------|---------------------------------|---------|---------|
| Operation|         Functional Unit         |    FF   |   LUT   |
|----------|---------------------------------|---------|---------|
|    add   |            sum_fu_158           |    0    |    32   |
|----------|---------------------------------|---------|---------|
|          | input01_V_offset_rea_read_fu_78 |    0    |    0    |
|          |    r_ref_r_read_1_read_fu_84    |    0    |    0    |
|   read   |  i_syn_in_rr_read_1_read_fu_90  |    0    |    0    |
|          |  i_syn_ex_rr_read_1_read_fu_96  |    0    |    0    |
|          |     V_m_r_read_1_read_fu_102    |    0    |    0    |
|          |       num_read_read_fu_108      |    0    |    0    |
|----------|---------------------------------|---------|---------|
| writeresp|       grp_writeresp_fu_114      |    0    |    0    |
|----------|---------------------------------|---------|---------|
|   write  |     StgValue_55_write_fu_121    |    0    |    0    |
|----------|---------------------------------|---------|---------|
|          |            tmp_fu_130           |    0    |    0    |
|          |           tmp_1_fu_134          |    0    |    0    |
|   trunc  |           tmp_2_fu_138          |    0    |    0    |
|          |           tmp_3_fu_142          |    0    |    0    |
|          |           tmp_4_fu_146          |    0    |    0    |
|----------|---------------------------------|---------|---------|
|          |        tmp_5_cast_fu_150        |    0    |    0    |
|   zext   |         sext_cast_fu_154        |    0    |    0    |
|          |         sum_cast_fu_444         |    0    |    0    |
|----------|---------------------------------|---------|---------|
|          |           tmp_6_fu_164          |    0    |    0    |
|          |           tmp_7_fu_174          |    0    |    0    |
|          |           tmp_8_fu_184          |    0    |    0    |
|          |           tmp_9_fu_194          |    0    |    0    |
|          |           tmp_s_fu_204          |    0    |    0    |
|          |           tmp_5_fu_214          |    0    |    0    |
|          |          tmp_10_fu_224          |    0    |    0    |
|          |          tmp_11_fu_234          |    0    |    0    |
|          |          tmp_12_fu_244          |    0    |    0    |
|          |          tmp_13_fu_254          |    0    |    0    |
|          |          tmp_14_fu_264          |    0    |    0    |
|          |          tmp_15_fu_274          |    0    |    0    |
|          |          tmp_16_fu_284          |    0    |    0    |
|partselect|          tmp_17_fu_294          |    0    |    0    |
|          |          tmp_18_fu_304          |    0    |    0    |
|          |          tmp_19_fu_314          |    0    |    0    |
|          |          tmp_20_fu_324          |    0    |    0    |
|          |          tmp_21_fu_334          |    0    |    0    |
|          |          tmp_22_fu_344          |    0    |    0    |
|          |          tmp_23_fu_354          |    0    |    0    |
|          |          tmp_24_fu_364          |    0    |    0    |
|          |          tmp_25_fu_374          |    0    |    0    |
|          |          tmp_26_fu_384          |    0    |    0    |
|          |          tmp_27_fu_394          |    0    |    0    |
|          |          tmp_28_fu_404          |    0    |    0    |
|          |          tmp_29_fu_414          |    0    |    0    |
|          |          tmp_30_fu_424          |    0    |    0    |
|          |          tmp_31_fu_434          |    0    |    0    |
|----------|---------------------------------|---------|---------|
|bitconcatenate|          tmp_32_fu_454          |    0    |    0    |
|----------|---------------------------------|---------|---------|
|   Total  |                                 |    0    |    32   |
|----------|---------------------------------|---------|---------|

Memories:
N/A

* Register list:
+----------------------+--------+
|                      |   FF   |
+----------------------+--------+
|input01_V_addr_reg_656|  1024  |
|      sum_reg_511     |   26   |
|    tmp_10_reg_546    |   32   |
|    tmp_11_reg_551    |   32   |
|    tmp_12_reg_556    |   32   |
|    tmp_13_reg_561    |   32   |
|    tmp_14_reg_566    |   32   |
|    tmp_15_reg_571    |   32   |
|    tmp_16_reg_576    |   32   |
|    tmp_17_reg_581    |   32   |
|    tmp_18_reg_586    |   32   |
|    tmp_19_reg_591    |   32   |
|     tmp_1_reg_496    |   32   |
|    tmp_20_reg_596    |   32   |
|    tmp_21_reg_601    |   32   |
|    tmp_22_reg_606    |   32   |
|    tmp_23_reg_611    |   32   |
|    tmp_24_reg_616    |   32   |
|    tmp_25_reg_621    |   32   |
|    tmp_26_reg_626    |   32   |
|    tmp_27_reg_631    |   32   |
|    tmp_28_reg_636    |   32   |
|    tmp_29_reg_641    |   32   |
|     tmp_2_reg_501    |   32   |
|    tmp_30_reg_646    |   32   |
|    tmp_31_reg_651    |   32   |
|     tmp_3_reg_506    |   32   |
|     tmp_5_reg_541    |   32   |
|     tmp_6_reg_516    |   32   |
|     tmp_7_reg_521    |   32   |
|     tmp_8_reg_526    |   32   |
|     tmp_9_reg_531    |   32   |
|      tmp_reg_491     |   32   |
|     tmp_s_reg_536    |   32   |
+----------------------+--------+
|         Total        |  2074  |
+----------------------+--------+

* Multiplexer (MUX) list: 
|----------------------|------|------|------|--------||---------||---------|
|         Comp         |  Pin | Size |  BW  | S x BW ||  Delay  ||   LUT   |
|----------------------|------|------|------|--------||---------||---------|
| grp_writeresp_fu_114 |  p0  |   2  |   1  |    2   |
| grp_writeresp_fu_114 |  p1  |   2  | 1024 |  2048  ||    9    |
|----------------------|------|------|------|--------||---------||---------|
|         Total        |      |      |      |  2050  ||  1.312  ||    9    |
|----------------------|------|------|------|--------||---------||---------|



* Summary:
+-----------+--------+--------+--------+
|           |  Delay |   FF   |   LUT  |
+-----------+--------+--------+--------+
|  Function |    -   |    0   |   32   |
|   Memory  |    -   |    -   |    -   |
|Multiplexer|    1   |    -   |    9   |
|  Register |    -   |  2074  |    -   |
+-----------+--------+--------+--------+
|   Total   |    1   |  2074  |   41   |
+-----------+--------+--------+--------+
